Archive member included to satisfy reference by file (symbol)

d:/programfiles/systemworkbench/plugins/fr.ac6.mcu.externaltools.arm-none.win32_1.15.0.201708311556/tools/compiler/bin/../lib/gcc/arm-none-eabi/6.3.1/thumb/v7e-m/fpv4-sp/hard\libgcc.a(_arm_addsubdf3.o)
                              src/Timers.o (__aeabi_ui2d)
d:/programfiles/systemworkbench/plugins/fr.ac6.mcu.externaltools.arm-none.win32_1.15.0.201708311556/tools/compiler/bin/../lib/gcc/arm-none-eabi/6.3.1/thumb/v7e-m/fpv4-sp/hard\libgcc.a(_arm_muldivdf3.o)
                              src/Timers.o (__aeabi_dmul)
d:/programfiles/systemworkbench/plugins/fr.ac6.mcu.externaltools.arm-none.win32_1.15.0.201708311556/tools/compiler/bin/../lib/gcc/arm-none-eabi/6.3.1/thumb/v7e-m/fpv4-sp/hard\libgcc.a(_arm_fixunsdfsi.o)
                              src/Timers.o (__aeabi_d2uiz)
d:/programfiles/systemworkbench/plugins/fr.ac6.mcu.externaltools.arm-none.win32_1.15.0.201708311556/tools/compiler/bin/../lib/gcc/arm-none-eabi/6.3.1/../../../../arm-none-eabi/lib/thumb/v7e-m/fpv4-sp/hard\libc_nano.a(lib_a-calloc.o)
                              src/AT28C256.o (calloc)
d:/programfiles/systemworkbench/plugins/fr.ac6.mcu.externaltools.arm-none.win32_1.15.0.201708311556/tools/compiler/bin/../lib/gcc/arm-none-eabi/6.3.1/../../../../arm-none-eabi/lib/thumb/v7e-m/fpv4-sp/hard\libc_nano.a(lib_a-errno.o)
                              src/syscalls.o (__errno)
d:/programfiles/systemworkbench/plugins/fr.ac6.mcu.externaltools.arm-none.win32_1.15.0.201708311556/tools/compiler/bin/../lib/gcc/arm-none-eabi/6.3.1/../../../../arm-none-eabi/lib/thumb/v7e-m/fpv4-sp/hard\libc_nano.a(lib_a-exit.o)
                              d:/programfiles/systemworkbench/plugins/fr.ac6.mcu.externaltools.arm-none.win32_1.15.0.201708311556/tools/compiler/bin/../lib/gcc/arm-none-eabi/6.3.1/../../../../arm-none-eabi/lib/thumb/v7e-m/fpv4-sp/hard/crt0.o (exit)
d:/programfiles/systemworkbench/plugins/fr.ac6.mcu.externaltools.arm-none.win32_1.15.0.201708311556/tools/compiler/bin/../lib/gcc/arm-none-eabi/6.3.1/../../../../arm-none-eabi/lib/thumb/v7e-m/fpv4-sp/hard\libc_nano.a(lib_a-impure.o)
                              d:/programfiles/systemworkbench/plugins/fr.ac6.mcu.externaltools.arm-none.win32_1.15.0.201708311556/tools/compiler/bin/../lib/gcc/arm-none-eabi/6.3.1/../../../../arm-none-eabi/lib/thumb/v7e-m/fpv4-sp/hard\libc_nano.a(lib_a-exit.o) (_global_impure_ptr)
d:/programfiles/systemworkbench/plugins/fr.ac6.mcu.externaltools.arm-none.win32_1.15.0.201708311556/tools/compiler/bin/../lib/gcc/arm-none-eabi/6.3.1/../../../../arm-none-eabi/lib/thumb/v7e-m/fpv4-sp/hard\libc_nano.a(lib_a-init.o)
                              d:/programfiles/systemworkbench/plugins/fr.ac6.mcu.externaltools.arm-none.win32_1.15.0.201708311556/tools/compiler/bin/../lib/gcc/arm-none-eabi/6.3.1/../../../../arm-none-eabi/lib/thumb/v7e-m/fpv4-sp/hard/crt0.o (__libc_init_array)
d:/programfiles/systemworkbench/plugins/fr.ac6.mcu.externaltools.arm-none.win32_1.15.0.201708311556/tools/compiler/bin/../lib/gcc/arm-none-eabi/6.3.1/../../../../arm-none-eabi/lib/thumb/v7e-m/fpv4-sp/hard\libc_nano.a(lib_a-malloc.o)
                              src/DS75176B.o (malloc)
d:/programfiles/systemworkbench/plugins/fr.ac6.mcu.externaltools.arm-none.win32_1.15.0.201708311556/tools/compiler/bin/../lib/gcc/arm-none-eabi/6.3.1/../../../../arm-none-eabi/lib/thumb/v7e-m/fpv4-sp/hard\libc_nano.a(lib_a-memset.o)
                              d:/programfiles/systemworkbench/plugins/fr.ac6.mcu.externaltools.arm-none.win32_1.15.0.201708311556/tools/compiler/bin/../lib/gcc/arm-none-eabi/6.3.1/../../../../arm-none-eabi/lib/thumb/v7e-m/fpv4-sp/hard/crt0.o (memset)
d:/programfiles/systemworkbench/plugins/fr.ac6.mcu.externaltools.arm-none.win32_1.15.0.201708311556/tools/compiler/bin/../lib/gcc/arm-none-eabi/6.3.1/../../../../arm-none-eabi/lib/thumb/v7e-m/fpv4-sp/hard\libc_nano.a(lib_a-nano-callocr.o)
                              d:/programfiles/systemworkbench/plugins/fr.ac6.mcu.externaltools.arm-none.win32_1.15.0.201708311556/tools/compiler/bin/../lib/gcc/arm-none-eabi/6.3.1/../../../../arm-none-eabi/lib/thumb/v7e-m/fpv4-sp/hard\libc_nano.a(lib_a-calloc.o) (_calloc_r)
d:/programfiles/systemworkbench/plugins/fr.ac6.mcu.externaltools.arm-none.win32_1.15.0.201708311556/tools/compiler/bin/../lib/gcc/arm-none-eabi/6.3.1/../../../../arm-none-eabi/lib/thumb/v7e-m/fpv4-sp/hard\libc_nano.a(lib_a-nano-freer.o)
                              d:/programfiles/systemworkbench/plugins/fr.ac6.mcu.externaltools.arm-none.win32_1.15.0.201708311556/tools/compiler/bin/../lib/gcc/arm-none-eabi/6.3.1/../../../../arm-none-eabi/lib/thumb/v7e-m/fpv4-sp/hard\libc_nano.a(lib_a-malloc.o) (_free_r)
d:/programfiles/systemworkbench/plugins/fr.ac6.mcu.externaltools.arm-none.win32_1.15.0.201708311556/tools/compiler/bin/../lib/gcc/arm-none-eabi/6.3.1/../../../../arm-none-eabi/lib/thumb/v7e-m/fpv4-sp/hard\libc_nano.a(lib_a-nano-mallocr.o)
[...]
Memory Configuration

Name             Origin             Length             Attributes
RAM              0x20000000         0x00020000         xrw
ROM              0x08000000         0x00080000         xr
*default*        0x00000000         0xffffffff

Linker script and memory map

LOAD d:/programfiles/systemworkbench/plugins/fr.ac6.mcu.externaltools.arm-none.win32_1.15.0.201708311556/tools/compiler/bin/../lib/gcc/arm-none-eabi/6.3.1/thumb/v7e-m/fpv4-sp/hard/crti.o
LOAD d:/programfiles/systemworkbench/plugins/fr.ac6.mcu.externaltools.arm-none.win32_1.15.0.201708311556/tools/compiler/bin/../lib/gcc/arm-none-eabi/6.3.1/thumb/v7e-m/fpv4-sp/hard/crtbegin.o
LOAD d:/programfiles/systemworkbench/plugins/fr.ac6.mcu.externaltools.arm-none.win32_1.15.0.201708311556/tools/compiler/bin/../lib/gcc/arm-none-eabi/6.3.1/../../../../arm-none-eabi/lib/thumb/v7e-m/fpv4-sp/hard/crt0.o
LOAD src/AT28C256.o
LOAD src/DMA.o
LOAD src/DS75176B.o
LOAD src/Gpio.o
LOAD src/Timers.o
LOAD src/delay.o
LOAD src/encoder.o
LOAD src/error.o
LOAD src/keypad.o
LOAD src/lcd.o
LOAD src/main.o
LOAD src/syscalls.o
LOAD src/uart1.o
LOAD src/uart_driver.o
LOAD startup/startup_stm32.o
LOAD startup/sysmem.o
LOAD d:/programfiles/systemworkbench/plugins/fr.ac6.mcu.externaltools.arm-none.win32_1.15.0.201708311556/tools/compiler/bin/../lib/gcc/arm-none-eabi/6.3.1/../../../../arm-none-eabi/lib/thumb/v7e-m/fpv4-sp/hard\libm.a
START GROUP
LOAD d:/programfiles/systemworkbench/plugins/fr.ac6.mcu.externaltools.arm-none.win32_1.15.0.201708311556/tools/compiler/bin/../lib/gcc/arm-none-eabi/6.3.1/thumb/v7e-m/fpv4-sp/hard\libgcc.a
LOAD d:/programfiles/systemworkbench/plugins/fr.ac6.mcu.externaltools.arm-none.win32_1.15.0.201708311556/tools/compiler/bin/../lib/gcc/arm-none-eabi/6.3.1/../../../../arm-none-eabi/lib/thumb/v7e-m/fpv4-sp/hard\libc_nano.a
END GROUP
START GROUP
LOAD d:/programfiles/systemworkbench/plugins/fr.ac6.mcu.externaltools.arm-none.win32_1.15.0.201708311556/tools/compiler/bin/../lib/gcc/arm-none-eabi/6.3.1/thumb/v7e-m/fpv4-sp/hard\libgcc.a
LOAD d:/programfiles/systemworkbench/plugins/fr.ac6.mcu.externaltools.arm-none.win32_1.15.0.201708311556/tools/compiler/bin/../lib/gcc/arm-none-eabi/6.3.1/../../../../arm-none-eabi/lib/thumb/v7e-m/fpv4-sp/hard\libc_nano.a
END GROUP
LOAD d:/programfiles/systemworkbench/plugins/fr.ac6.mcu.externaltools.arm-none.win32_1.15.0.201708311556/tools/compiler/bin/../lib/gcc/arm-none-eabi/6.3.1/thumb/v7e-m/fpv4-sp/hard/crtend.o
LOAD d:/programfiles/systemworkbench/plugins/fr.ac6.mcu.externaltools.arm-none.win32_1.15.0.201708311556/tools/compiler/bin/../lib/gcc/arm-none-eabi/6.3.1/thumb/v7e-m/fpv4-sp/hard/crtn.o
                0x20020000                _estack = 0x20020000
                0x00000000                _Min_Heap_Size = 0x0
                0x00000400                _Min_Stack_Size = 0x400

.isr_vector     0x08000000      0x1c4
                0x08000000                . = ALIGN (0x4)
 *(.isr_vector)
 .isr_vector    0x08000000      0x1c4 startup/startup_stm32.o
                0x08000000                g_pfnVectors
                0x080001c4                . = ALIGN (0x4)

.text           0x080001d0     0x6c68
                0x080001d0                . = ALIGN (0x4)
 *(.text)
 .text          0x080001d0       0x6c d:/programfiles/systemworkbench/plugins/fr.ac6.mcu.externaltools.arm-none.win32_1.15.0.201708311556/tools/compiler/bin/../lib/gcc/arm-none-eabi/6.3.1/thumb/v7e-m/fpv4-sp/hard/crtbegin.o
 .text          0x0800023c      0x370 d:/programfiles/systemworkbench/plugins/fr.ac6.mcu.externaltools.arm-none.win32_1.15.0.201708311556/tools/compiler/bin/../lib/gcc/arm-none-eabi/6.3.1/thumb/v7e-m/fpv4-sp/hard\libgcc.a(_arm_addsubdf3.o)
                0x0800023c                __aeabi_drsub
                0x08000244                __aeabi_dsub
                0x08000244                __subdf3
                0x08000248                __aeabi_dadd
                0x08000248                __adddf3
                0x080004c0                __floatunsidf
                0x080004c0                __aeabi_ui2d
                0x080004e0                __floatsidf
                0x080004e0                __aeabi_i2d
                0x08000504                __aeabi_f2d
                0x08000504                __extendsfdf2
                0x08000540                __floatundidf
                0x08000540                __aeabi_ul2d
                0x08000550                __floatdidf
                0x08000550                __aeabi_l2d
 .text          0x080005ac      0x424 d:/programfiles/systemworkbench/plugins/fr.ac6.mcu.externaltools.arm-none.win32_1.15.0.201708311556/tools/compiler/bin/../lib/gcc/arm-none-eabi/6.3.1/thumb/v7e-m/fpv4-sp/hard\libgcc.a(_arm_muldivdf3.o)
                0x080005ac                __aeabi_dmul
                0x080005ac                __muldf3
                0x08000800                __divdf3
                0x08000800                __aeabi_ddiv
 .text          0x080009d0       0x40 d:/programfiles/systemworkbench/plugins/fr.ac6.mcu.externaltools.arm-none.win32_1.15.0.201708311556/tools/compiler/bin/../lib/gcc/arm-none-eabi/6.3.1/thumb/v7e-m/fpv4-sp/hard\libgcc.a(_arm_fixunsdfsi.o)
                0x080009d0                __aeabi_d2uiz
                0x080009d0                __fixunsdfsi
 .text          0x08000a10       0x10 d:/programfiles/systemworkbench/plugins/fr.ac6.mcu.externaltools.arm-none.win32_1.15.0.201708311556/tools/compiler/bin/../lib/gcc/arm-none-eabi/6.3.1/../../../../arm-none-eabi/lib/thumb/v7e-m/fpv4-sp/hard\libc_nano.a(lib_a-strlen.o)
                0x08000a10                strlen
 .text          0x08000a20       0xa0 d:/programfiles/systemworkbench/plugins/fr.ac6.mcu.externaltools.arm-none.win32_1.15.0.201708311556/tools/compiler/bin/../lib/gcc/arm-none-eabi/6.3.1/../../../../arm-none-eabi/lib/thumb/v7e-m/fpv4-sp/hard\libc_nano.a(lib_a-memchr.o)
                0x08000a20                memchr
 .text          0x08000ac0      0x110 d:/programfiles/systemworkbench/plugins/fr.ac6.mcu.externaltools.arm-none.win32_1.15.0.201708311556/tools/compiler/bin/../lib/gcc/arm-none-eabi/6.3.1/thumb/v7e-m/fpv4-sp/hard\libgcc.a(_arm_cmpdf2.o)
                0x08000ac0                __gtdf2
                0x08000ac0                __gedf2
                0x08000ac8                __ltdf2
                0x08000ac8                __ledf2
                0x08000ad0                __nedf2
                0x08000ad0                __eqdf2
                0x08000ad0                __cmpdf2
                0x08000b4c                __aeabi_cdrcmple
                0x08000b5c                __aeabi_cdcmpeq
                0x08000b5c                __aeabi_cdcmple
                0x08000b6c                __aeabi_dcmpeq
                0x08000b80                __aeabi_dcmplt
                0x08000b94                __aeabi_dcmple
                0x08000ba8                __aeabi_dcmpge
                0x08000bbc                __aeabi_dcmpgt
 .text          0x08000bd0       0x2c d:/programfiles/systemworkbench/plugins/fr.ac6.mcu.externaltools.arm-none.win32_1.15.0.201708311556/tools/compiler/bin/../lib/gcc/arm-none-eabi/6.3.1/thumb/v7e-m/fpv4-sp/hard\libgcc.a(_arm_unorddf2.o)
                0x08000bd0                __unorddf2
                0x08000bd0                __aeabi_dcmpun
 .text          0x08000bfc       0x50 d:/programfiles/systemworkbench/plugins/fr.ac6.mcu.externaltools.arm-none.win32_1.15.0.201708311556/tools/compiler/bin/../lib/gcc/arm-none-eabi/6.3.1/thumb/v7e-m/fpv4-sp/hard\libgcc.a(_arm_fixdfsi.o)
                0x08000bfc                __aeabi_d2iz
                0x08000bfc                __fixdfsi
 .text          0x08000c4c       0xa0 d:/programfiles/systemworkbench/plugins/fr.ac6.mcu.externaltools.arm-none.win32_1.15.0.201708311556/tools/compiler/bin/../lib/gcc/arm-none-eabi/6.3.1/thumb/v7e-m/fpv4-sp/hard\libgcc.a(_arm_truncdfsf2.o)
                0x08000c4c                __truncdfsf2
                0x08000c4c                __aeabi_d2f
 *(.text*)
 .text.DMA_init
                0x08000cec      0x10c src/DMA.o
                0x08000cec                DMA_init
 .text.DMA2_Stream7_IRQHandler
                0x08000df8      0x104 src/DMA.o
                0x08000df8                DMA2_Stream7_IRQHandler
 .text.Transciever_init
                0x08000efc       0xa0 src/DS75176B.o
                0x08000efc                Transciever_init
 .text.Transciever_Output
                0x08000f9c       0x40 src/DS75176B.o
                0x08000f9c                Transciever_Output
 .text.Gpio_setup
                0x08000fdc       0x40 src/Gpio.o
                0x08000fdc                Gpio_setup
 .text.Gpio_Pullup
                0x0800101c       0x62 src/Gpio.o
                0x0800101c                Gpio_Pullup
 .text.Gpio_digitalRead
                0x0800107e       0x4a src/Gpio.o
                0x0800107e                Gpio_digitalRead
 .text.Gpio_pinMode
                0x080010c8       0xb0 src/Gpio.o
                0x080010c8                Gpio_pinMode
 .text.Gpio_AlternateFunction
                0x08001178       0xca src/Gpio.o
                0x08001178                Gpio_AlternateFunction
 *fill*         0x08001242        0x2 
 .text.Gpio_enable
                0x08001244       0xc4 src/Gpio.o
                0x08001244                Gpio_enable
 .text.delay    0x08001308       0x6c src/delay.o
                0x08001308                delay
 .text.Encoder_init
                0x08001374       0xdc src/encoder.o
                0x08001374                Encoder_init
 .text.Encoder_get_value
                0x08001450       0x44 src/encoder.o
                0x08001450                Encoder_get_value
 .text.Encoder_Interrupts
                0x08001494       0x78 src/encoder.o
                0x08001494                Encoder_Interrupts
 .text.Encoder_noInterrupts
                0x0800150c       0x30 src/encoder.o
                0x0800150c                Encoder_noInterrupts
 .text.EXTI0_IRQHandler
                0x0800153c       0x38 src/encoder.o
                0x0800153c                EXTI0_IRQHandler
 .text.EXTI1_IRQHandler
                0x08001574       0x38 src/encoder.o
                0x08001574                EXTI1_IRQHandler
 .text.EXCEPTION
                0x080015ac       0x4c src/error.o
                0x080015ac                EXCEPTION
 .text.getProgramLine
                0x080015f8        0x6 src/error.o
                0x080015f8                getProgramLine
 *fill*         0x080015fe        0x2 
 .text.kpad_begin
                0x08001600       0xc8 src/keypad.o
                0x08001600                kpad_begin
 .text.row_scan
                0x080016c8       0x68 src/keypad.o
 .text.map      0x08001730       0xcc src/keypad.o
 .text.kpad_read
                0x080017fc      0x224 src/keypad.o
                0x080017fc                kpad_read
 .text.kpad_poll
                0x08001a20       0x1e src/keypad.o
                0x08001a20                kpad_poll
 *fill*         0x08001a3e        0x2 
 .text.lcd_latchE
                0x08001a40       0x2c src/lcd.o
                0x08001a40                lcd_latchE
 .text.lcd_isBusy
                0x08001a6c       0x8c src/lcd.o
                0x08001a6c                lcd_isBusy
 .text.lcd_send
                0x08001af8      0x110 src/lcd.o
                0x08001af8                lcd_send
 .text.lcd_command
                0x08001c08       0x1e src/lcd.o
                0x08001c08                lcd_command
 *fill*         0x08001c26        0x2 
 .text.lcd_begin
                0x08001c28      0x198 src/lcd.o
                0x08001c28                lcd_begin
 .text.lcd_blink
                0x08001dc0        0xe src/lcd.o
                0x08001dc0                lcd_blink
 .text.lcd_noCursor
                0x08001dce        0xe src/lcd.o
                0x08001dce                lcd_noCursor
 .text.lcd_clear
                0x08001ddc        0xe src/lcd.o
                0x08001ddc                lcd_clear
 .text.lcd_cursorAt
                0x08001dea       0x4c src/lcd.o
                0x08001dea                lcd_cursorAt
 .text.lcd_write
                0x08001e36       0x1e src/lcd.o
                0x08001e36                lcd_write
 .text.lcd_print
                0x08001e54       0x32 src/lcd.o
                0x08001e54                lcd_print
 *fill*         0x08001e86        0x2 
 .text.UI_channel
                0x08001e88       0x3c src/main.o
                0x08001e88                UI_channel
 .text.UI_fail  0x08001ec4       0x30 src/main.o
                0x08001ec4                UI_fail
 .text.UI_main  0x08001ef4       0x24 src/main.o
                0x08001ef4                UI_main
 .text.release_captured_channel
                0x08001f18       0x2c src/main.o
                0x08001f18                release_captured_channel
 .text.get_captured_channel_value
                0x08001f44       0x40 src/main.o
                0x08001f44                get_captured_channel_value
 .text.alterValue
                0x08001f84       0x68 src/main.o
                0x08001f84                alterValue
 .text.clearValue
                0x08001fec       0x18 src/main.o
                0x08001fec                clearValue
 .text.latch_current_value_gotoHOLD
                0x08002004       0x20 src/main.o
                0x08002004                latch_current_value_gotoHOLD
 .text.latch_current_value_gotoCHANNEL
                0x08002024       0x1c src/main.o
                0x08002024                latch_current_value_gotoCHANNEL
 .text.doNothing
                0x08002040       0x10 src/main.o
                0x08002040                doNothing
 .text.alterChannel
                0x08002050       0x9c src/main.o
                0x08002050                alterChannel
 .text.main     0x080020ec      0x184 src/main.o
                0x080020ec                main
 .text.ENC_rot_ISR
                0x08002270      0x110 src/main.o
                0x08002270                ENC_rot_ISR
 .text.printValue
                0x08002380       0x80 src/main.o
                0x08002380                printValue
 .text.mapAndStoreNewValue
                0x08002400       0x94 src/main.o
                0x08002400                mapAndStoreNewValue
 *fill*         0x08002494        0x4 
 .text.requestAndMapCurrentValue
                0x08002498       0x54 src/main.o
                0x08002498                requestAndMapCurrentValue
 .text._read    0x080024ec       0x52 src/syscalls.o
                0x080024ec                _read
 .text._write   0x0800253e       0x38 src/syscalls.o
                0x0800253e                _write
 .text._close   0x08002576       0x18 src/syscalls.o
                0x08002576                _close
 .text._fstat   0x0800258e       0x20 src/syscalls.o
                0x0800258e                _fstat
 .text._isatty  0x080025ae       0x16 src/syscalls.o
                0x080025ae                _isatty
 .text._lseek   0x080025c4       0x1a src/syscalls.o
                0x080025c4                _lseek
 *fill*         0x080025de        0x2 
 .text.init_usart1
                0x080025e0       0xac src/uart1.o
                0x080025e0                init_usart1
 .text.usart2_getch
                0x0800268c       0x44 src/uart_driver.o
                0x0800268c                usart2_getch
 .text.usart2_putch
                0x080026d0       0x34 src/uart_driver.o
                0x080026d0                usart2_putch
 .text.init_usart2
                0x08002704       0xb0 src/uart_driver.o
                0x08002704                init_usart2
 .text.Reset_Handler
                0x080027b4       0x60 startup/startup_stm32.o
                0x080027b4                Reset_Handler
 .text.Default_Handler
                0x08002814        0x6 startup/startup_stm32.o
                0x08002814                RTC_Alarm_IRQHandler
                0x08002814                EXTI2_IRQHandler
                0x08002814                TIM8_CC_IRQHandler
                0x08002814                DebugMon_Handler
                0x08002814                SPI4_IRQHandler
                0x08002814                TIM1_CC_IRQHandler
                0x08002814                DMA2_Stream5_IRQHandler
                0x08002814                HardFault_Handler
                0x08002814                DMA1_Stream5_IRQHandler
                0x08002814                SysTick_Handler
                0x08002814                PVD_IRQHandler
                0x08002814                SDIO_IRQHandler
                0x08002814                TAMP_STAMP_IRQHandler
                0x08002814                PendSV_Handler
                0x08002814                NMI_Handler
                0x08002814                CAN2_RX1_IRQHandler
                0x08002814                EXTI3_IRQHandler
                0x08002814                TIM8_TRG_COM_TIM14_IRQHandler
                0x08002814                TIM1_UP_TIM10_IRQHandler
                0x08002814                TIM8_UP_TIM13_IRQHandler
                0x08002814                I2C3_ER_IRQHandler
                0x08002814                I2C2_EV_IRQHandler
                0x08002814                DMA1_Stream2_IRQHandler
                0x08002814                CAN1_RX0_IRQHandler
                0x08002814                FPU_IRQHandler
                0x08002814                OTG_HS_WKUP_IRQHandler
                0x08002814                UsageFault_Handler
                0x08002814                CAN2_SCE_IRQHandler
                0x08002814                DMA2_Stream2_IRQHandler
                0x08002814                SPI1_IRQHandler
                0x08002814                TIM6_DAC_IRQHandler
                0x08002814                TIM1_BRK_TIM9_IRQHandler
                0x08002814                DCMI_IRQHandler
                0x08002814                CAN2_RX0_IRQHandler
                0x08002814                DMA2_Stream3_IRQHandler
                0x08002814                FMPI2C1_IRQHandler
                0x08002814                SAI2_IRQHandler
                0x08002814                USART6_IRQHandler
                0x08002814                USART3_IRQHandler
                0x08002814                CAN1_RX1_IRQHandler
                0x08002814                UART5_IRQHandler
                0x08002814                DMA2_Stream0_IRQHandler
                0x08002814                TIM4_IRQHandler
                0x08002814                QUADSPI_IRQHandler
                0x08002814                I2C1_EV_IRQHandler
                0x08002814                HDMI_CEC_IRQHandler
                0x08002814                DMA1_Stream6_IRQHandler
                0x08002814                DMA1_Stream1_IRQHandler
                0x08002814                UART4_IRQHandler
                0x08002814                TIM3_IRQHandler
                0x08002814                RCC_IRQHandler
                0x08002814                TIM8_BRK_TIM12_IRQHandler
                0x08002814                Default_Handler
                0x08002814                EXTI15_10_IRQHandler
                0x08002814                ADC_IRQHandler
                0x08002814                DMA1_Stream7_IRQHandler
                0x08002814                TIM7_IRQHandler
                0x08002814                CAN2_TX_IRQHandler
                0x08002814                TIM5_IRQHandler
                0x08002814                I2C3_EV_IRQHandler
                0x08002814                EXTI9_5_IRQHandler
                0x08002814                RTC_WKUP_IRQHandler
                0x08002814                SPDIF_RX_IRQHandler
                0x08002814                SPI2_IRQHandler
                0x08002814                OTG_HS_EP1_IN_IRQHandler
                0x08002814                MemManage_Handler
                0x08002814                DMA1_Stream0_IRQHandler
                0x08002814                CAN1_TX_IRQHandler
                0x08002814                SVC_Handler
                0x08002814                EXTI4_IRQHandler
                0x08002814                OTG_HS_EP1_OUT_IRQHandler
                0x08002814                WWDG_IRQHandler
                0x08002814                TIM2_IRQHandler
                0x08002814                OTG_FS_WKUP_IRQHandler
                0x08002814                TIM1_TRG_COM_TIM11_IRQHandler
                0x08002814                OTG_HS_IRQHandler
                0x08002814                USART2_IRQHandler
                0x08002814                I2C2_ER_IRQHandler
                0x08002814                DMA2_Stream1_IRQHandler
                0x08002814                CAN1_SCE_IRQHandler
                0x08002814                FLASH_IRQHandler
                0x08002814                DMA2_Stream4_IRQHandler
                0x08002814                BusFault_Handler
                0x08002814                USART1_IRQHandler
                0x08002814                OTG_FS_IRQHandler
                0x08002814                SPI3_IRQHandler
                0x08002814                DMA1_Stream4_IRQHandler
                0x08002814                I2C1_ER_IRQHandler
                0x08002814                FMC_IRQHandler
                0x08002814                DMA2_Stream6_IRQHandler
                0x08002814                SAI1_IRQHandler
                0x08002814                DMA1_Stream3_IRQHandler
                0x08002814                FMPI2C1_Error_IRQHandler
 *fill*         0x0800281a        0x2 
 .text._sbrk    0x0800281c       0x58 startup/sysmem.o
                0x0800281c                _sbrk
 .text.calloc   0x08002874       0x10 d:/programfiles/systemworkbench/plugins/fr.ac6.mcu.externaltools.arm-none.win32_1.15.0.201708311556/tools/compiler/bin/../lib/gcc/arm-none-eabi/6.3.1/../../../../arm-none-eabi/lib/thumb/v7e-m/fpv4-sp/hard\libc_nano.a(lib_a-calloc.o)
                0x08002874                calloc
 .text.__errno  0x08002884        0xc d:/programfiles/systemworkbench/plugins/fr.ac6.mcu.externaltools.arm-none.win32_1.15.0.201708311556/tools/compiler/bin/../lib/gcc/arm-none-eabi/6.3.1/../../../../arm-none-eabi/lib/thumb/v7e-m/fpv4-sp/hard\libc_nano.a(lib_a-errno.o)
                0x08002884                __errno
 .text.__libc_init_array
                0x08002890       0x48 d:/programfiles/systemworkbench/plugins/fr.ac6.mcu.externaltools.arm-none.win32_1.15.0.201708311556/tools/compiler/bin/../lib/gcc/arm-none-eabi/6.3.1/../../../../arm-none-eabi/lib/thumb/v7e-m/fpv4-sp/hard\libc_nano.a(lib_a-init.o)
                0x08002890                __libc_init_array
 .text.malloc   0x080028d8       0x10 d:/programfiles/systemworkbench/plugins/fr.ac6.mcu.externaltools.arm-none.win32_1.15.0.201708311556/tools/compiler/bin/../lib/gcc/arm-none-eabi/6.3.1/../../../../arm-none-eabi/lib/thumb/v7e-m/fpv4-sp/hard\libc_nano.a(lib_a-malloc.o)
                0x080028d8                malloc
 .text.memset   0x080028e8       0x10 d:/programfiles/systemworkbench/plugins/fr.ac6.mcu.externaltools.arm-none.win32_1.15.0.201708311556/tools/compiler/bin/../lib/gcc/arm-none-eabi/6.3.1/../../../../arm-none-eabi/lib/thumb/v7e-m/fpv4-sp/hard\libc_nano.a(lib_a-memset.o)
                0x080028e8                memset
 .text._calloc_r
                0x080028f8       0x1c d:/programfiles/systemworkbench/plugins/fr.ac6.mcu.externaltools.arm-none.win32_1.15.0.201708311556/tools/compiler/bin/../lib/gcc/arm-none-eabi/6.3.1/../../../../arm-none-eabi/lib/thumb/v7e-m/fpv4-sp/hard\libc_nano.a(lib_a-nano-callocr.o)
                0x080028f8                _calloc_r
 .text._free_r  0x08002914       0x9c d:/programfiles/systemworkbench/plugins/fr.ac6.mcu.externaltools.arm-none.win32_1.15.0.201708311556/tools/compiler/bin/../lib/gcc/arm-none-eabi/6.3.1/../../../../arm-none-eabi/lib/thumb/v7e-m/fpv4-sp/hard\libc_nano.a(lib_a-nano-freer.o)
                0x08002914                _free_r
 .text._malloc_r
                0x080029b0       0xbc d:/programfiles/systemworkbench/plugins/fr.ac6.mcu.externaltools.arm-none.win32_1.15.0.201708311556/tools/compiler/bin/../lib/gcc/arm-none-eabi/6.3.1/../../../../arm-none-eabi/lib/thumb/v7e-m/fpv4-sp/hard\libc_nano.a(lib_a-nano-mallocr.o)
                0x080029b0                _malloc_r
 .text.__cvt    0x08002a6c       0xc2 d:/programfiles/systemworkbench/plugins/fr.ac6.mcu.externaltools.arm-none.win32_1.15.0.201708311556/tools/compiler/bin/../lib/gcc/arm-none-eabi/6.3.1/../../../../arm-none-eabi/lib/thumb/v7e-m/fpv4-sp/hard\libc_nano.a(lib_a-nano-vfprintf_float.o)
                0x08002a6c                __cvt
 .text.__exponent
                0x08002b2e       0x6a d:/programfiles/systemworkbench/plugins/fr.ac6.mcu.externaltools.arm-none.win32_1.15.0.201708311556/tools/compiler/bin/../lib/gcc/arm-none-eabi/6.3.1/../../../../arm-none-eabi/lib/thumb/v7e-m/fpv4-sp/hard\libc_nano.a(lib_a-nano-vfprintf_float.o)
                0x08002b2e                __exponent
 .text._printf_float
                0x08002b98      0x480 d:/programfiles/systemworkbench/plugins/fr.ac6.mcu.externaltools.arm-none.win32_1.15.0.201708311556/tools/compiler/bin/../lib/gcc/arm-none-eabi/6.3.1/../../../../arm-none-eabi/lib/thumb/v7e-m/fpv4-sp/hard\libc_nano.a(lib_a-nano-vfprintf_float.o)
                0x08002b98                _printf_float
 .text._printf_common
                0x08003018       0xec d:/programfiles/systemworkbench/plugins/fr.ac6.mcu.externaltools.arm-none.win32_1.15.0.201708311556/tools/compiler/bin/../lib/gcc/arm-none-eabi/6.3.1/../../../../arm-none-eabi/lib/thumb/v7e-m/fpv4-sp/hard\libc_nano.a(lib_a-nano-vfprintf_i.o)
                0x08003018                _printf_common
 .text._printf_i
                0x08003104      0x240 d:/programfiles/systemworkbench/plugins/fr.ac6.mcu.externaltools.arm-none.win32_1.15.0.201708311556/tools/compiler/bin/../lib/gcc/arm-none-eabi/6.3.1/../../../../arm-none-eabi/lib/thumb/v7e-m/fpv4-sp/hard\libc_nano.a(lib_a-nano-vfprintf_i.o)
                0x08003104                _printf_i
 .text._scanf_float
                0x08003344      0x3c8 d:/programfiles/systemworkbench/plugins/fr.ac6.mcu.externaltools.arm-none.win32_1.15.0.201708311556/tools/compiler/bin/../lib/gcc/arm-none-eabi/6.3.1/../../../../arm-none-eabi/lib/thumb/v7e-m/fpv4-sp/hard\libc_nano.a(lib_a-nano-vfscanf_float.o)
                0x08003344                _scanf_float
 .text.printf   0x0800370c       0x30 d:/programfiles/systemworkbench/plugins/fr.ac6.mcu.externaltools.arm-none.win32_1.15.0.201708311556/tools/compiler/bin/../lib/gcc/arm-none-eabi/6.3.1/../../../../arm-none-eabi/lib/thumb/v7e-m/fpv4-sp/hard\libc_nano.a(lib_a-printf.o)
                0x0800370c                iprintf
                0x0800370c                printf
 .text._sbrk_r  0x0800373c       0x20 d:/programfiles/systemworkbench/plugins/fr.ac6.mcu.externaltools.arm-none.win32_1.15.0.201708311556/tools/compiler/bin/../lib/gcc/arm-none-eabi/6.3.1/../../../../arm-none-eabi/lib/thumb/v7e-m/fpv4-sp/hard\libc_nano.a(lib_a-sbrkr.o)
                0x0800373c                _sbrk_r
 .text.setvbuf  0x0800375c      0x15c d:/programfiles/systemworkbench/plugins/fr.ac6.mcu.externaltools.arm-none.win32_1.15.0.201708311556/tools/compiler/bin/../lib/gcc/arm-none-eabi/6.3.1/../../../../arm-none-eabi/lib/thumb/v7e-m/fpv4-sp/hard\libc_nano.a(lib_a-setvbuf.o)
                0x0800375c                setvbuf
 .text.nanf     0x080038b8        0xc d:/programfiles/systemworkbench/plugins/fr.ac6.mcu.externaltools.arm-none.win32_1.15.0.201708311556/tools/compiler/bin/../lib/gcc/arm-none-eabi/6.3.1/../../../../arm-none-eabi/lib/thumb/v7e-m/fpv4-sp/hard\libc_nano.a(lib_a-sf_nan.o)
                0x080038b8                nanf
 .text.sprintf  0x080038c4       0x48 d:/programfiles/systemworkbench/plugins/fr.ac6.mcu.externaltools.arm-none.win32_1.15.0.201708311556/tools/compiler/bin/../lib/gcc/arm-none-eabi/6.3.1/../../../../arm-none-eabi/lib/thumb/v7e-m/fpv4-sp/hard\libc_nano.a(lib_a-sprintf.o)
                0x080038c4                siprintf
                0x080038c4                sprintf
 .text.unlikely.sulp
                0x0800390c       0x38 d:/programfiles/systemworkbench/plugins/fr.ac6.mcu.externaltools.arm-none.win32_1.15.0.201708311556/tools/compiler/bin/../lib/gcc/arm-none-eabi/6.3.1/../../../../arm-none-eabi/lib/thumb/v7e-m/fpv4-sp/hard\libc_nano.a(lib_a-strtod.o)
 *fill*         0x08003944        0x4 
 .text._strtod_l
                0x08003948      0xbd8 d:/programfiles/systemworkbench/plugins/fr.ac6.mcu.externaltools.arm-none.win32_1.15.0.201708311556/tools/compiler/bin/../lib/gcc/arm-none-eabi/6.3.1/../../../../arm-none-eabi/lib/thumb/v7e-m/fpv4-sp/hard\libc_nano.a(lib_a-strtod.o)
                0x08003948                _strtod_l
 .text._strtod_r
                0x08004520       0x20 d:/programfiles/systemworkbench/plugins/fr.ac6.mcu.externaltools.arm-none.win32_1.15.0.201708311556/tools/compiler/bin/../lib/gcc/arm-none-eabi/6.3.1/../../../../arm-none-eabi/lib/thumb/v7e-m/fpv4-sp/hard\libc_nano.a(lib_a-strtod.o)
                0x08004520                _strtod_r
 .text._strtol_l.isra.0
                0x08004540      0x100 d:/programfiles/systemworkbench/plugins/fr.ac6.mcu.externaltools.arm-none.win32_1.15.0.201708311556/tools/compiler/bin/../lib/gcc/arm-none-eabi/6.3.1/../../../../arm-none-eabi/lib/thumb/v7e-m/fpv4-sp/hard\libc_nano.a(lib_a-strtol.o)
 .text._strtol_r
                0x08004640       0x24 d:/programfiles/systemworkbench/plugins/fr.ac6.mcu.externaltools.arm-none.win32_1.15.0.201708311556/tools/compiler/bin/../lib/gcc/arm-none-eabi/6.3.1/../../../../arm-none-eabi/lib/thumb/v7e-m/fpv4-sp/hard\libc_nano.a(lib_a-strtol.o)
                0x08004640                _strtol_r
 .text.quorem   0x08004664      0x118 d:/programfiles/systemworkbench/plugins/fr.ac6.mcu.externaltools.arm-none.win32_1.15.0.201708311556/tools/compiler/bin/../lib/gcc/arm-none-eabi/6.3.1/../../../../arm-none-eabi/lib/thumb/v7e-m/fpv4-sp/hard\libc_nano.a(lib_a-dtoa.o)
 *fill*         0x0800477c        0x4 
 .text._dtoa_r  0x08004780      0xb9c d:/programfiles/systemworkbench/plugins/fr.ac6.mcu.externaltools.arm-none.win32_1.15.0.201708311556/tools/compiler/bin/../lib/gcc/arm-none-eabi/6.3.1/../../../../arm-none-eabi/lib/thumb/v7e-m/fpv4-sp/hard\libc_nano.a(lib_a-dtoa.o)
                0x08004780                _dtoa_r
 .text.__sflush_r
                0x0800531c      0x110 d:/programfiles/systemworkbench/plugins/fr.ac6.mcu.externaltools.arm-none.win32_1.15.0.201708311556/tools/compiler/bin/../lib/gcc/arm-none-eabi/6.3.1/../../../../arm-none-eabi/lib/thumb/v7e-m/fpv4-sp/hard\libc_nano.a(lib_a-fflush.o)
                0x0800531c                __sflush_r
 .text._fflush_r
                0x0800542c       0x54 d:/programfiles/systemworkbench/plugins/fr.ac6.mcu.externaltools.arm-none.win32_1.15.0.201708311556/tools/compiler/bin/../lib/gcc/arm-none-eabi/6.3.1/../../../../arm-none-eabi/lib/thumb/v7e-m/fpv4-sp/hard\libc_nano.a(lib_a-fflush.o)
                0x0800542c                _fflush_r
 .text._cleanup_r
                0x08005480        0xc d:/programfiles/systemworkbench/plugins/fr.ac6.mcu.externaltools.arm-none.win32_1.15.0.201708311556/tools/compiler/bin/../lib/gcc/arm-none-eabi/6.3.1/../../../../arm-none-eabi/lib/thumb/v7e-m/fpv4-sp/hard\libc_nano.a(lib_a-findfp.o)
                0x08005480                _cleanup_r
 .text.std.isra.0
                0x0800548c       0x48 d:/programfiles/systemworkbench/plugins/fr.ac6.mcu.externaltools.arm-none.win32_1.15.0.201708311556/tools/compiler/bin/../lib/gcc/arm-none-eabi/6.3.1/../../../../arm-none-eabi/lib/thumb/v7e-m/fpv4-sp/hard\libc_nano.a(lib_a-findfp.o)
 .text.__sfmoreglue
                0x080054d4       0x2c d:/programfiles/systemworkbench/plugins/fr.ac6.mcu.externaltools.arm-none.win32_1.15.0.201708311556/tools/compiler/bin/../lib/gcc/arm-none-eabi/6.3.1/../../../../arm-none-eabi/lib/thumb/v7e-m/fpv4-sp/hard\libc_nano.a(lib_a-findfp.o)
                0x080054d4                __sfmoreglue
 .text.__sinit  0x08005500       0x60 d:/programfiles/systemworkbench/plugins/fr.ac6.mcu.externaltools.arm-none.win32_1.15.0.201708311556/tools/compiler/bin/../lib/gcc/arm-none-eabi/6.3.1/../../../../arm-none-eabi/lib/thumb/v7e-m/fpv4-sp/hard\libc_nano.a(lib_a-findfp.o)
                0x08005500                __sinit
 .text.__sfp    0x08005560       0x78 d:/programfiles/systemworkbench/plugins/fr.ac6.mcu.externaltools.arm-none.win32_1.15.0.201708311556/tools/compiler/bin/../lib/gcc/arm-none-eabi/6.3.1/../../../../arm-none-eabi/lib/thumb/v7e-m/fpv4-sp/hard\libc_nano.a(lib_a-findfp.o)
                0x08005560                __sfp
 .text._fwalk_reent
                0x080055d8       0x3c d:/programfiles/systemworkbench/plugins/fr.ac6.mcu.externaltools.arm-none.win32_1.15.0.201708311556/tools/compiler/bin/../lib/gcc/arm-none-eabi/6.3.1/../../../../arm-none-eabi/lib/thumb/v7e-m/fpv4-sp/hard\libc_nano.a(lib_a-fwalk.o)
                0x080055d8                _fwalk_reent
 .text.rshift   0x08005614       0x6a d:/programfiles/systemworkbench/plugins/fr.ac6.mcu.externaltools.arm-none.win32_1.15.0.201708311556/tools/compiler/bin/../lib/gcc/arm-none-eabi/6.3.1/../../../../arm-none-eabi/lib/thumb/v7e-m/fpv4-sp/hard\libc_nano.a(lib_a-gdtoa-gethex.o)
 .text.__hexdig_fun
                0x0800567e       0x2a d:/programfiles/systemworkbench/plugins/fr.ac6.mcu.externaltools.arm-none.win32_1.15.0.201708311556/tools/compiler/bin/../lib/gcc/arm-none-eabi/6.3.1/../../../../arm-none-eabi/lib/thumb/v7e-m/fpv4-sp/hard\libc_nano.a(lib_a-gdtoa-gethex.o)
                0x0800567e                __hexdig_fun
 .text.__gethex
                0x080056a8      0x43c d:/programfiles/systemworkbench/plugins/fr.ac6.mcu.externaltools.arm-none.win32_1.15.0.201708311556/tools/compiler/bin/../lib/gcc/arm-none-eabi/6.3.1/../../../../arm-none-eabi/lib/thumb/v7e-m/fpv4-sp/hard\libc_nano.a(lib_a-gdtoa-gethex.o)
                0x080056a8                __gethex
 .text.L_shift  0x08005ae4       0x24 d:/programfiles/systemworkbench/plugins/fr.ac6.mcu.externaltools.arm-none.win32_1.15.0.201708311556/tools/compiler/bin/../lib/gcc/arm-none-eabi/6.3.1/../../../../arm-none-eabi/lib/thumb/v7e-m/fpv4-sp/hard\libc_nano.a(lib_a-gdtoa-hexnan.o)
 .text.__match  0x08005b08       0x26 d:/programfiles/systemworkbench/plugins/fr.ac6.mcu.externaltools.arm-none.win32_1.15.0.201708311556/tools/compiler/bin/../lib/gcc/arm-none-eabi/6.3.1/../../../../arm-none-eabi/lib/thumb/v7e-m/fpv4-sp/hard\libc_nano.a(lib_a-gdtoa-hexnan.o)
                0x08005b08                __match
 .text.__hexnan
                0x08005b2e      0x120 d:/programfiles/systemworkbench/plugins/fr.ac6.mcu.externaltools.arm-none.win32_1.15.0.201708311556/tools/compiler/bin/../lib/gcc/arm-none-eabi/6.3.1/../../../../arm-none-eabi/lib/thumb/v7e-m/fpv4-sp/hard\libc_nano.a(lib_a-gdtoa-hexnan.o)
                0x08005b2e                __hexnan
 .text.__locale_ctype_ptr_l
                0x08005c4e        0x6 d:/programfiles/systemworkbench/plugins/fr.ac6.mcu.externaltools.arm-none.win32_1.15.0.201708311556/tools/compiler/bin/../lib/gcc/arm-none-eabi/6.3.1/../../../../arm-none-eabi/lib/thumb/v7e-m/fpv4-sp/hard\libc_nano.a(lib_a-locale.o)
                0x08005c4e                __locale_ctype_ptr_l
 .text.__localeconv_l
                0x08005c54        0x4 d:/programfiles/systemworkbench/plugins/fr.ac6.mcu.externaltools.arm-none.win32_1.15.0.201708311556/tools/compiler/bin/../lib/gcc/arm-none-eabi/6.3.1/../../../../arm-none-eabi/lib/thumb/v7e-m/fpv4-sp/hard\libc_nano.a(lib_a-localeconv.o)
                0x08005c54                __localeconv_l
 .text._localeconv_r
                0x08005c58       0x1c d:/programfiles/systemworkbench/plugins/fr.ac6.mcu.externaltools.arm-none.win32_1.15.0.201708311556/tools/compiler/bin/../lib/gcc/arm-none-eabi/6.3.1/../../../../arm-none-eabi/lib/thumb/v7e-m/fpv4-sp/hard\libc_nano.a(lib_a-localeconv.o)
                0x08005c58                _localeconv_r
 .text.__swhatbuf_r
                0x08005c74       0x48 d:/programfiles/systemworkbench/plugins/fr.ac6.mcu.externaltools.arm-none.win32_1.15.0.201708311556/tools/compiler/bin/../lib/gcc/arm-none-eabi/6.3.1/../../../../arm-none-eabi/lib/thumb/v7e-m/fpv4-sp/hard\libc_nano.a(lib_a-makebuf.o)
                0x08005c74                __swhatbuf_r
 .text.__smakebuf_r
                0x08005cbc       0x80 d:/programfiles/systemworkbench/plugins/fr.ac6.mcu.externaltools.arm-none.win32_1.15.0.201708311556/tools/compiler/bin/../lib/gcc/arm-none-eabi/6.3.1/../../../../arm-none-eabi/lib/thumb/v7e-m/fpv4-sp/hard\libc_nano.a(lib_a-makebuf.o)
                0x08005cbc                __smakebuf_r
 .text.__ascii_mbtowc
                0x08005d3c       0x24 d:/programfiles/systemworkbench/plugins/fr.ac6.mcu.externaltools.arm-none.win32_1.15.0.201708311556/tools/compiler/bin/../lib/gcc/arm-none-eabi/6.3.1/../../../../arm-none-eabi/lib/thumb/v7e-m/fpv4-sp/hard\libc_nano.a(lib_a-mbtowc_r.o)
                0x08005d3c                __ascii_mbtowc
 .text.memcpy   0x08005d60       0x16 d:/programfiles/systemworkbench/plugins/fr.ac6.mcu.externaltools.arm-none.win32_1.15.0.201708311556/tools/compiler/bin/../lib/gcc/arm-none-eabi/6.3.1/../../../../arm-none-eabi/lib/thumb/v7e-m/fpv4-sp/hard\libc_nano.a(lib_a-memcpy-stub.o)
                0x08005d60                memcpy
 .text.__malloc_lock
                0x08005d76        0x2 d:/programfiles/systemworkbench/plugins/fr.ac6.mcu.externaltools.arm-none.win32_1.15.0.201708311556/tools/compiler/bin/../lib/gcc/arm-none-eabi/6.3.1/../../../../arm-none-eabi/lib/thumb/v7e-m/fpv4-sp/hard\libc_nano.a(lib_a-mlock.o)
                0x08005d76                __malloc_lock
 .text.__malloc_unlock
                0x08005d78        0x2 d:/programfiles/systemworkbench/plugins/fr.ac6.mcu.externaltools.arm-none.win32_1.15.0.201708311556/tools/compiler/bin/../lib/gcc/arm-none-eabi/6.3.1/../../../../arm-none-eabi/lib/thumb/v7e-m/fpv4-sp/hard\libc_nano.a(lib_a-mlock.o)
                0x08005d78                __malloc_unlock
 .text._Balloc  0x08005d7a       0x68 d:/programfiles/systemworkbench/plugins/fr.ac6.mcu.externaltools.arm-none.win32_1.15.0.201708311556/tools/compiler/bin/../lib/gcc/arm-none-eabi/6.3.1/../../../../arm-none-eabi/lib/thumb/v7e-m/fpv4-sp/hard\libc_nano.a(lib_a-mprec.o)
                0x08005d7a                _Balloc
 .text._Bfree   0x08005de2       0x2e d:/programfiles/systemworkbench/plugins/fr.ac6.mcu.externaltools.arm-none.win32_1.15.0.201708311556/tools/compiler/bin/../lib/gcc/arm-none-eabi/6.3.1/../../../../arm-none-eabi/lib/thumb/v7e-m/fpv4-sp/hard\libc_nano.a(lib_a-mprec.o)
                0x08005de2                _Bfree
 .text.__multadd
                0x08005e10       0x76 d:/programfiles/systemworkbench/plugins/fr.ac6.mcu.externaltools.arm-none.win32_1.15.0.201708311556/tools/compiler/bin/../lib/gcc/arm-none-eabi/6.3.1/../../../../arm-none-eabi/lib/thumb/v7e-m/fpv4-sp/hard\libc_nano.a(lib_a-mprec.o)
                0x08005e10                __multadd
 .text.__s2b    0x08005e86       0x7c d:/programfiles/systemworkbench/plugins/fr.ac6.mcu.externaltools.arm-none.win32_1.15.0.201708311556/tools/compiler/bin/../lib/gcc/arm-none-eabi/6.3.1/../../../../arm-none-eabi/lib/thumb/v7e-m/fpv4-sp/hard\libc_nano.a(lib_a-mprec.o)
                0x08005e86                __s2b
 .text.__hi0bits
                0x08005f02       0x3e d:/programfiles/systemworkbench/plugins/fr.ac6.mcu.externaltools.arm-none.win32_1.15.0.201708311556/tools/compiler/bin/../lib/gcc/arm-none-eabi/6.3.1/../../../../arm-none-eabi/lib/thumb/v7e-m/fpv4-sp/hard\libc_nano.a(lib_a-mprec.o)
                0x08005f02                __hi0bits
 .text.__lo0bits
                0x08005f40       0x5e d:/programfiles/systemworkbench/plugins/fr.ac6.mcu.externaltools.arm-none.win32_1.15.0.201708311556/tools/compiler/bin/../lib/gcc/arm-none-eabi/6.3.1/../../../../arm-none-eabi/lib/thumb/v7e-m/fpv4-sp/hard\libc_nano.a(lib_a-mprec.o)
                0x08005f40                __lo0bits
 .text.__i2b    0x08005f9e       0x12 d:/programfiles/systemworkbench/plugins/fr.ac6.mcu.externaltools.arm-none.win32_1.15.0.201708311556/tools/compiler/bin/../lib/gcc/arm-none-eabi/6.3.1/../../../../arm-none-eabi/lib/thumb/v7e-m/fpv4-sp/hard\libc_nano.a(lib_a-mprec.o)
                0x08005f9e                __i2b
 .text.__multiply
                0x08005fb0      0x11a d:/programfiles/systemworkbench/plugins/fr.ac6.mcu.externaltools.arm-none.win32_1.15.0.201708311556/tools/compiler/bin/../lib/gcc/arm-none-eabi/6.3.1/../../../../arm-none-eabi/lib/thumb/v7e-m/fpv4-sp/hard\libc_nano.a(lib_a-mprec.o)
                0x08005fb0                __multiply
 *fill*         0x080060ca        0x2 
 .text.__pow5mult
                0x080060cc       0x9c d:/programfiles/systemworkbench/plugins/fr.ac6.mcu.externaltools.arm-none.win32_1.15.0.201708311556/tools/compiler/bin/../lib/gcc/arm-none-eabi/6.3.1/../../../../arm-none-eabi/lib/thumb/v7e-m/fpv4-sp/hard\libc_nano.a(lib_a-mprec.o)
                0x080060cc                __pow5mult
 .text.__lshift
                0x08006168       0xa2 d:/programfiles/systemworkbench/plugins/fr.ac6.mcu.externaltools.arm-none.win32_1.15.0.201708311556/tools/compiler/bin/../lib/gcc/arm-none-eabi/6.3.1/../../../../arm-none-eabi/lib/thumb/v7e-m/fpv4-sp/hard\libc_nano.a(lib_a-mprec.o)
                0x08006168                __lshift
 .text.__mcmp   0x0800620a       0x34 d:/programfiles/systemworkbench/plugins/fr.ac6.mcu.externaltools.arm-none.win32_1.15.0.201708311556/tools/compiler/bin/../lib/gcc/arm-none-eabi/6.3.1/../../../../arm-none-eabi/lib/thumb/v7e-m/fpv4-sp/hard\libc_nano.a(lib_a-mprec.o)
                0x0800620a                __mcmp
 .text.__mdiff  0x0800623e       0xbc d:/programfiles/systemworkbench/plugins/fr.ac6.mcu.externaltools.arm-none.win32_1.15.0.201708311556/tools/compiler/bin/../lib/gcc/arm-none-eabi/6.3.1/../../../../arm-none-eabi/lib/thumb/v7e-m/fpv4-sp/hard\libc_nano.a(lib_a-mprec.o)
                0x0800623e                __mdiff
 *fill*         0x080062fa        0x2 
 .text.__ulp    0x080062fc       0x50 d:/programfiles/systemworkbench/plugins/fr.ac6.mcu.externaltools.arm-none.win32_1.15.0.201708311556/tools/compiler/bin/../lib/gcc/arm-none-eabi/6.3.1/../../../../arm-none-eabi/lib/thumb/v7e-m/fpv4-sp/hard\libc_nano.a(lib_a-mprec.o)
                0x080062fc                __ulp
 .text.__b2d    0x0800634c       0x9c d:/programfiles/systemworkbench/plugins/fr.ac6.mcu.externaltools.arm-none.win32_1.15.0.201708311556/tools/compiler/bin/../lib/gcc/arm-none-eabi/6.3.1/../../../../arm-none-eabi/lib/thumb/v7e-m/fpv4-sp/hard\libc_nano.a(lib_a-mprec.o)
                0x0800634c                __b2d
 .text.__d2b    0x080063e8       0x9e d:/programfiles/systemworkbench/plugins/fr.ac6.mcu.externaltools.arm-none.win32_1.15.0.201708311556/tools/compiler/bin/../lib/gcc/arm-none-eabi/6.3.1/../../../../arm-none-eabi/lib/thumb/v7e-m/fpv4-sp/hard\libc_nano.a(lib_a-mprec.o)
                0x080063e8                __d2b
 .text.__ratio  0x08006486       0x58 d:/programfiles/systemworkbench/plugins/fr.ac6.mcu.externaltools.arm-none.win32_1.15.0.201708311556/tools/compiler/bin/../lib/gcc/arm-none-eabi/6.3.1/../../../../arm-none-eabi/lib/thumb/v7e-m/fpv4-sp/hard\libc_nano.a(lib_a-mprec.o)
                0x08006486                __ratio
 .text.__copybits
                0x080064de       0x34 d:/programfiles/systemworkbench/plugins/fr.ac6.mcu.externaltools.arm-none.win32_1.15.0.201708311556/tools/compiler/bin/../lib/gcc/arm-none-eabi/6.3.1/../../../../arm-none-eabi/lib/thumb/v7e-m/fpv4-sp/hard\libc_nano.a(lib_a-mprec.o)
                0x080064de                __copybits
 .text.__any_on
                0x08006512       0x42 d:/programfiles/systemworkbench/plugins/fr.ac6.mcu.externaltools.arm-none.win32_1.15.0.201708311556/tools/compiler/bin/../lib/gcc/arm-none-eabi/6.3.1/../../../../arm-none-eabi/lib/thumb/v7e-m/fpv4-sp/hard\libc_nano.a(lib_a-mprec.o)
                0x08006512                __any_on
 .text.__ssputs_r
                0x08006554       0xb6 d:/programfiles/systemworkbench/plugins/fr.ac6.mcu.externaltools.arm-none.win32_1.15.0.201708311556/tools/compiler/bin/../lib/gcc/arm-none-eabi/6.3.1/../../../../arm-none-eabi/lib/thumb/v7e-m/fpv4-sp/hard\libc_nano.a(lib_a-nano-svfprintf.o)
                0x08006554                __ssputs_r
 *fill*         0x0800660a        0x2 
 .text._svfprintf_r
                0x0800660c      0x1e8 d:/programfiles/systemworkbench/plugins/fr.ac6.mcu.externaltools.arm-none.win32_1.15.0.201708311556/tools/compiler/bin/../lib/gcc/arm-none-eabi/6.3.1/../../../../arm-none-eabi/lib/thumb/v7e-m/fpv4-sp/hard\libc_nano.a(lib_a-nano-svfprintf.o)
                0x0800660c                _svfiprintf_r
                0x0800660c                _svfprintf_r
 .text.__sfputc_r
                0x080067f4       0x30 d:/programfiles/systemworkbench/plugins/fr.ac6.mcu.externaltools.arm-none.win32_1.15.0.201708311556/tools/compiler/bin/../lib/gcc/arm-none-eabi/6.3.1/../../../../arm-none-eabi/lib/thumb/v7e-m/fpv4-sp/hard\libc_nano.a(lib_a-nano-vfprintf.o)
 .text.__sfputs_r
                0x08006824       0x24 d:/programfiles/systemworkbench/plugins/fr.ac6.mcu.externaltools.arm-none.win32_1.15.0.201708311556/tools/compiler/bin/../lib/gcc/arm-none-eabi/6.3.1/../../../../arm-none-eabi/lib/thumb/v7e-m/fpv4-sp/hard\libc_nano.a(lib_a-nano-vfprintf.o)
                0x08006824                __sfputs_r
 .text._vfprintf_r
                0x08006848      0x22c d:/programfiles/systemworkbench/plugins/fr.ac6.mcu.externaltools.arm-none.win32_1.15.0.201708311556/tools/compiler/bin/../lib/gcc/arm-none-eabi/6.3.1/../../../../arm-none-eabi/lib/thumb/v7e-m/fpv4-sp/hard\libc_nano.a(lib_a-nano-vfprintf.o)
                0x08006848                _vfprintf_r
                0x08006848                _vfiprintf_r
 .text.__sread  0x08006a74       0x22 d:/programfiles/systemworkbench/plugins/fr.ac6.mcu.externaltools.arm-none.win32_1.15.0.201708311556/tools/compiler/bin/../lib/gcc/arm-none-eabi/6.3.1/../../../../arm-none-eabi/lib/thumb/v7e-m/fpv4-sp/hard\libc_nano.a(lib_a-stdio.o)
                0x08006a74                __sread
 .text.__swrite
                0x08006a96       0x38 d:/programfiles/systemworkbench/plugins/fr.ac6.mcu.externaltools.arm-none.win32_1.15.0.201708311556/tools/compiler/bin/../lib/gcc/arm-none-eabi/6.3.1/../../../../arm-none-eabi/lib/thumb/v7e-m/fpv4-sp/hard\libc_nano.a(lib_a-stdio.o)
                0x08006a96                __swrite
 .text.__sseek  0x08006ace       0x24 d:/programfiles/systemworkbench/plugins/fr.ac6.mcu.externaltools.arm-none.win32_1.15.0.201708311556/tools/compiler/bin/../lib/gcc/arm-none-eabi/6.3.1/../../../../arm-none-eabi/lib/thumb/v7e-m/fpv4-sp/hard\libc_nano.a(lib_a-stdio.o)
                0x08006ace                __sseek
 .text.__sclose
                0x08006af2        0x8 d:/programfiles/systemworkbench/plugins/fr.ac6.mcu.externaltools.arm-none.win32_1.15.0.201708311556/tools/compiler/bin/../lib/gcc/arm-none-eabi/6.3.1/../../../../arm-none-eabi/lib/thumb/v7e-m/fpv4-sp/hard\libc_nano.a(lib_a-stdio.o)
                0x08006af2                __sclose
 .text.strncmp  0x08006afa       0x24 d:/programfiles/systemworkbench/plugins/fr.ac6.mcu.externaltools.arm-none.win32_1.15.0.201708311556/tools/compiler/bin/../lib/gcc/arm-none-eabi/6.3.1/../../../../arm-none-eabi/lib/thumb/v7e-m/fpv4-sp/hard\libc_nano.a(lib_a-strncmp.o)
                0x08006afa                strncmp
 *fill*         0x08006b1e        0x2 
 .text.__swbuf_r
                0x08006b20       0xa4 d:/programfiles/systemworkbench/plugins/fr.ac6.mcu.externaltools.arm-none.win32_1.15.0.201708311556/tools/compiler/bin/../lib/gcc/arm-none-eabi/6.3.1/../../../../arm-none-eabi/lib/thumb/v7e-m/fpv4-sp/hard\libc_nano.a(lib_a-wbuf.o)
                0x08006b20                __swbuf_r
 .text.__ascii_wctomb
                0x08006bc4       0x1a d:/programfiles/systemworkbench/plugins/fr.ac6.mcu.externaltools.arm-none.win32_1.15.0.201708311556/tools/compiler/bin/../lib/gcc/arm-none-eabi/6.3.1/../../../../arm-none-eabi/lib/thumb/v7e-m/fpv4-sp/hard\libc_nano.a(lib_a-wctomb_r.o)
                0x08006bc4                __ascii_wctomb
 *fill*         0x08006bde        0x2 
 .text._write_r
                0x08006be0       0x24 d:/programfiles/systemworkbench/plugins/fr.ac6.mcu.externaltools.arm-none.win32_1.15.0.201708311556/tools/compiler/bin/../lib/gcc/arm-none-eabi/6.3.1/../../../../arm-none-eabi/lib/thumb/v7e-m/fpv4-sp/hard\libc_nano.a(lib_a-writer.o)
                0x08006be0                _write_r
 .text.__swsetup_r
                0x08006c04       0xdc d:/programfiles/systemworkbench/plugins/fr.ac6.mcu.externaltools.arm-none.win32_1.15.0.201708311556/tools/compiler/bin/../lib/gcc/arm-none-eabi/6.3.1/../../../../arm-none-eabi/lib/thumb/v7e-m/fpv4-sp/hard\libc_nano.a(lib_a-wsetup.o)
                0x08006c04                __swsetup_r
 .text._close_r
                0x08006ce0       0x20 d:/programfiles/systemworkbench/plugins/fr.ac6.mcu.externaltools.arm-none.win32_1.15.0.201708311556/tools/compiler/bin/../lib/gcc/arm-none-eabi/6.3.1/../../../../arm-none-eabi/lib/thumb/v7e-m/fpv4-sp/hard\libc_nano.a(lib_a-closer.o)
                0x08006ce0                _close_r
 .text._fstat_r
                0x08006d00       0x24 d:/programfiles/systemworkbench/plugins/fr.ac6.mcu.externaltools.arm-none.win32_1.15.0.201708311556/tools/compiler/bin/../lib/gcc/arm-none-eabi/6.3.1/../../../../arm-none-eabi/lib/thumb/v7e-m/fpv4-sp/hard\libc_nano.a(lib_a-fstatr.o)
                0x08006d00                _fstat_r
 .text._isatty_r
                0x08006d24       0x20 d:/programfiles/systemworkbench/plugins/fr.ac6.mcu.externaltools.arm-none.win32_1.15.0.201708311556/tools/compiler/bin/../lib/gcc/arm-none-eabi/6.3.1/../../../../arm-none-eabi/lib/thumb/v7e-m/fpv4-sp/hard\libc_nano.a(lib_a-isattyr.o)
                0x08006d24                _isatty_r
 .text._lseek_r
                0x08006d44       0x24 d:/programfiles/systemworkbench/plugins/fr.ac6.mcu.externaltools.arm-none.win32_1.15.0.201708311556/tools/compiler/bin/../lib/gcc/arm-none-eabi/6.3.1/../../../../arm-none-eabi/lib/thumb/v7e-m/fpv4-sp/hard\libc_nano.a(lib_a-lseekr.o)
                0x08006d44                _lseek_r
 .text.memmove  0x08006d68       0x34 d:/programfiles/systemworkbench/plugins/fr.ac6.mcu.externaltools.arm-none.win32_1.15.0.201708311556/tools/compiler/bin/../lib/gcc/arm-none-eabi/6.3.1/../../../../arm-none-eabi/lib/thumb/v7e-m/fpv4-sp/hard\libc_nano.a(lib_a-memmove.o)
                0x08006d68                memmove
 .text._realloc_r
                0x08006d9c       0x4c d:/programfiles/systemworkbench/plugins/fr.ac6.mcu.externaltools.arm-none.win32_1.15.0.201708311556/tools/compiler/bin/../lib/gcc/arm-none-eabi/6.3.1/../../../../arm-none-eabi/lib/thumb/v7e-m/fpv4-sp/hard\libc_nano.a(lib_a-nano-reallocr.o)
                0x08006d9c                _realloc_r
 .text._read_r  0x08006de8       0x24 d:/programfiles/systemworkbench/plugins/fr.ac6.mcu.externaltools.arm-none.win32_1.15.0.201708311556/tools/compiler/bin/../lib/gcc/arm-none-eabi/6.3.1/../../../../arm-none-eabi/lib/thumb/v7e-m/fpv4-sp/hard\libc_nano.a(lib_a-readr.o)
                0x08006de8                _read_r
 .text._malloc_usable_size_r
                0x08006e0c       0x12 d:/programfiles/systemworkbench/plugins/fr.ac6.mcu.externaltools.arm-none.win32_1.15.0.201708311556/tools/compiler/bin/../lib/gcc/arm-none-eabi/6.3.1/../../../../arm-none-eabi/lib/thumb/v7e-m/fpv4-sp/hard\libc_nano.a(lib_a-nano-msizer.o)
                0x08006e0c                _malloc_usable_size_r
 *(.glue_7)
 .glue_7        0x08006e1e        0x0 linker stubs
 *(.glue_7t)
 .glue_7t       0x08006e1e        0x0 linker stubs
 *(.eh_frame)
 *fill*         0x08006e1e        0x2 
 .eh_frame      0x08006e20        0x0 d:/programfiles/systemworkbench/plugins/fr.ac6.mcu.externaltools.arm-none.win32_1.15.0.201708311556/tools/compiler/bin/../lib/gcc/arm-none-eabi/6.3.1/thumb/v7e-m/fpv4-sp/hard/crtbegin.o
 *(.init)
 .init          0x08006e20        0x4 d:/programfiles/systemworkbench/plugins/fr.ac6.mcu.externaltools.arm-none.win32_1.15.0.201708311556/tools/compiler/bin/../lib/gcc/arm-none-eabi/6.3.1/thumb/v7e-m/fpv4-sp/hard/crti.o
                0x08006e20                _init
 .init          0x08006e24        0x8 d:/programfiles/systemworkbench/plugins/fr.ac6.mcu.externaltools.arm-none.win32_1.15.0.201708311556/tools/compiler/bin/../lib/gcc/arm-none-eabi/6.3.1/thumb/v7e-m/fpv4-sp/hard/crtn.o
 *(.fini)
 .fini          0x08006e2c        0x4 d:/programfiles/systemworkbench/plugins/fr.ac6.mcu.externaltools.arm-none.win32_1.15.0.201708311556/tools/compiler/bin/../lib/gcc/arm-none-eabi/6.3.1/thumb/v7e-m/fpv4-sp/hard/crti.o
                0x08006e2c                _fini
 .fini          0x08006e30        0x8 d:/programfiles/systemworkbench/plugins/fr.ac6.mcu.externaltools.arm-none.win32_1.15.0.201708311556/tools/compiler/bin/../lib/gcc/arm-none-eabi/6.3.1/thumb/v7e-m/fpv4-sp/hard/crtn.o
                0x08006e38                . = ALIGN (0x4)
                0x08006e38                _etext = .

.vfp11_veneer   0x08006e38        0x0
 .vfp11_veneer  0x08006e38        0x0 linker stubs

.v4_bx          0x08006e38        0x0
 .v4_bx         0x08006e38        0x0 linker stubs

.iplt           0x08006e38        0x0
 .iplt          0x08006e38        0x0 d:/programfiles/systemworkbench/plugins/fr.ac6.mcu.externaltools.arm-none.win32_1.15.0.201708311556/tools/compiler/bin/../lib/gcc/arm-none-eabi/6.3.1/thumb/v7e-m/fpv4-sp/hard/crtbegin.o

.rodata         0x08006e38      0x478
                0x08006e38                . = ALIGN (0x4)
 *(.rodata)
 .rodata        0x08006e38       0x34 src/DS75176B.o
 .rodata        0x08006e6c       0x5a src/error.o
 *fill*         0x08006ec6        0x2 
 .rodata        0x08006ec8       0xc1 src/main.o
 *(.rodata*)
 *fill*         0x08006f89        0x3 
 .rodata._global_impure_ptr
                0x08006f8c        0x4 d:/programfiles/systemworkbench/plugins/fr.ac6.mcu.externaltools.arm-none.win32_1.15.0.201708311556/tools/compiler/bin/../lib/gcc/arm-none-eabi/6.3.1/../../../../arm-none-eabi/lib/thumb/v7e-m/fpv4-sp/hard\libc_nano.a(lib_a-impure.o)
                0x08006f8c                _global_impure_ptr
 .rodata._printf_float.str1.1
                0x08006f90       0x12 d:/programfiles/systemworkbench/plugins/fr.ac6.mcu.externaltools.arm-none.win32_1.15.0.201708311556/tools/compiler/bin/../lib/gcc/arm-none-eabi/6.3.1/../../../../arm-none-eabi/lib/thumb/v7e-m/fpv4-sp/hard\libc_nano.a(lib_a-nano-vfprintf_float.o)
 .rodata._printf_i.str1.1
                0x08006fa2       0x22 d:/programfiles/systemworkbench/plugins/fr.ac6.mcu.externaltools.arm-none.win32_1.15.0.201708311556/tools/compiler/bin/../lib/gcc/arm-none-eabi/6.3.1/../../../../arm-none-eabi/lib/thumb/v7e-m/fpv4-sp/hard\libc_nano.a(lib_a-nano-vfprintf_i.o)
 .rodata._scanf_float.str1.1
                0x08006fc4        0x5 d:/programfiles/systemworkbench/plugins/fr.ac6.mcu.externaltools.arm-none.win32_1.15.0.201708311556/tools/compiler/bin/../lib/gcc/arm-none-eabi/6.3.1/../../../../arm-none-eabi/lib/thumb/v7e-m/fpv4-sp/hard\libc_nano.a(lib_a-nano-vfscanf_float.o)
 .rodata._strtod_l.str1.1
                0x08006fc9        0x5 d:/programfiles/systemworkbench/plugins/fr.ac6.mcu.externaltools.arm-none.win32_1.15.0.201708311556/tools/compiler/bin/../lib/gcc/arm-none-eabi/6.3.1/../../../../arm-none-eabi/lib/thumb/v7e-m/fpv4-sp/hard\libc_nano.a(lib_a-strtod.o)
                                  0xc (size before relaxing)
 *fill*         0x08006fc9        0x3 
 .rodata.fpi.7252
                0x08006fcc       0x14 d:/programfiles/systemworkbench/plugins/fr.ac6.mcu.externaltools.arm-none.win32_1.15.0.201708311556/tools/compiler/bin/../lib/gcc/arm-none-eabi/6.3.1/../../../../arm-none-eabi/lib/thumb/v7e-m/fpv4-sp/hard\libc_nano.a(lib_a-strtod.o)
 .rodata.fpinan.7288
                0x08006fe0       0x14 d:/programfiles/systemworkbench/plugins/fr.ac6.mcu.externaltools.arm-none.win32_1.15.0.201708311556/tools/compiler/bin/../lib/gcc/arm-none-eabi/6.3.1/../../../../arm-none-eabi/lib/thumb/v7e-m/fpv4-sp/hard\libc_nano.a(lib_a-strtod.o)
 *fill*         0x08006ff4        0x4 
 .rodata.tinytens
                0x08006ff8       0x28 d:/programfiles/systemworkbench/plugins/fr.ac6.mcu.externaltools.arm-none.win32_1.15.0.201708311556/tools/compiler/bin/../lib/gcc/arm-none-eabi/6.3.1/../../../../arm-none-eabi/lib/thumb/v7e-m/fpv4-sp/hard\libc_nano.a(lib_a-strtod.o)
 .rodata._dtoa_r.str1.1
                0x08007020        0xd d:/programfiles/systemworkbench/plugins/fr.ac6.mcu.externaltools.arm-none.win32_1.15.0.201708311556/tools/compiler/bin/../lib/gcc/arm-none-eabi/6.3.1/../../../../arm-none-eabi/lib/thumb/v7e-m/fpv4-sp/hard\libc_nano.a(lib_a-dtoa.o)
                                  0xf (size before relaxing)
 *fill*         0x0800702d        0x3 
 .rodata.__sf_fake_stderr
                0x08007030       0x20 d:/programfiles/systemworkbench/plugins/fr.ac6.mcu.externaltools.arm-none.win32_1.15.0.201708311556/tools/compiler/bin/../lib/gcc/arm-none-eabi/6.3.1/../../../../arm-none-eabi/lib/thumb/v7e-m/fpv4-sp/hard\libc_nano.a(lib_a-findfp.o)
                0x08007030                __sf_fake_stderr
 .rodata.__sf_fake_stdin
                0x08007050       0x20 d:/programfiles/systemworkbench/plugins/fr.ac6.mcu.externaltools.arm-none.win32_1.15.0.201708311556/tools/compiler/bin/../lib/gcc/arm-none-eabi/6.3.1/../../../../arm-none-eabi/lib/thumb/v7e-m/fpv4-sp/hard\libc_nano.a(lib_a-findfp.o)
                0x08007050                __sf_fake_stdin
 .rodata.__sf_fake_stdout
                0x08007070       0x20 d:/programfiles/systemworkbench/plugins/fr.ac6.mcu.externaltools.arm-none.win32_1.15.0.201708311556/tools/compiler/bin/../lib/gcc/arm-none-eabi/6.3.1/../../../../arm-none-eabi/lib/thumb/v7e-m/fpv4-sp/hard\libc_nano.a(lib_a-findfp.o)
                0x08007070                __sf_fake_stdout
 .rodata._setlocale_r.str1.1
                0x08007090        0x8 d:/programfiles/systemworkbench/plugins/fr.ac6.mcu.externaltools.arm-none.win32_1.15.0.201708311556/tools/compiler/bin/../lib/gcc/arm-none-eabi/6.3.1/../../../../arm-none-eabi/lib/thumb/v7e-m/fpv4-sp/hard\libc_nano.a(lib_a-locale.o)
                                  0x9 (size before relaxing)
 .rodata.str1.1
                0x08007098        0x2 d:/programfiles/systemworkbench/plugins/fr.ac6.mcu.externaltools.arm-none.win32_1.15.0.201708311556/tools/compiler/bin/../lib/gcc/arm-none-eabi/6.3.1/../../../../arm-none-eabi/lib/thumb/v7e-m/fpv4-sp/hard\libc_nano.a(lib_a-locale.o)
 *fill*         0x0800709a        0x6 
 .rodata.__mprec_bigtens
                0x080070a0       0x28 d:/programfiles/systemworkbench/plugins/fr.ac6.mcu.externaltools.arm-none.win32_1.15.0.201708311556/tools/compiler/bin/../lib/gcc/arm-none-eabi/6.3.1/../../../../arm-none-eabi/lib/thumb/v7e-m/fpv4-sp/hard\libc_nano.a(lib_a-mprec.o)
                0x080070a0                __mprec_bigtens
 .rodata.__mprec_tens
                0x080070c8       0xc8 d:/programfiles/systemworkbench/plugins/fr.ac6.mcu.externaltools.arm-none.win32_1.15.0.201708311556/tools/compiler/bin/../lib/gcc/arm-none-eabi/6.3.1/../../../../arm-none-eabi/lib/thumb/v7e-m/fpv4-sp/hard\libc_nano.a(lib_a-mprec.o)
                0x080070c8                __mprec_tens
 .rodata.p05.7170
                0x08007190        0xc d:/programfiles/systemworkbench/plugins/fr.ac6.mcu.externaltools.arm-none.win32_1.15.0.201708311556/tools/compiler/bin/../lib/gcc/arm-none-eabi/6.3.1/../../../../arm-none-eabi/lib/thumb/v7e-m/fpv4-sp/hard\libc_nano.a(lib_a-mprec.o)
 .rodata._svfprintf_r.str1.1
                0x0800719c       0x11 d:/programfiles/systemworkbench/plugins/fr.ac6.mcu.externaltools.arm-none.win32_1.15.0.201708311556/tools/compiler/bin/../lib/gcc/arm-none-eabi/6.3.1/../../../../arm-none-eabi/lib/thumb/v7e-m/fpv4-sp/hard\libc_nano.a(lib_a-nano-svfprintf.o)
 .rodata._vfprintf_r.str1.1
                0x080071ad       0x11 d:/programfiles/systemworkbench/plugins/fr.ac6.mcu.externaltools.arm-none.win32_1.15.0.201708311556/tools/compiler/bin/../lib/gcc/arm-none-eabi/6.3.1/../../../../arm-none-eabi/lib/thumb/v7e-m/fpv4-sp/hard\libc_nano.a(lib_a-nano-vfprintf.o)
 .rodata._ctype_
                0x080071ad      0x101 d:/programfiles/systemworkbench/plugins/fr.ac6.mcu.externaltools.arm-none.win32_1.15.0.201708311556/tools/compiler/bin/../lib/gcc/arm-none-eabi/6.3.1/../../../../arm-none-eabi/lib/thumb/v7e-m/fpv4-sp/hard\libc_nano.a(lib_a-ctype_.o)
                0x080071ad                _ctype_
                0x080072b0                . = ALIGN (0x4)
 *fill*         0x080072ae        0x2 

.rel.dyn        0x080072b0        0x0
 .rel.iplt      0x080072b0        0x0 d:/programfiles/systemworkbench/plugins/fr.ac6.mcu.externaltools.arm-none.win32_1.15.0.201708311556/tools/compiler/bin/../lib/gcc/arm-none-eabi/6.3.1/thumb/v7e-m/fpv4-sp/hard/crtbegin.o

.ARM.extab      0x080072b0        0x0
                0x080072b0                . = ALIGN (0x4)
 *(.ARM.extab* .gnu.linkonce.armextab.*)
                0x080072b0                . = ALIGN (0x4)

.ARM            0x080072b0        0x0
                0x080072b0                . = ALIGN (0x4)
                0x080072b0                __exidx_start = .
 *(.ARM.exidx*)
                0x080072b0                __exidx_end = .
                0x080072b0                . = ALIGN (0x4)

.preinit_array  0x080072b0        0x0
                0x080072b0                . = ALIGN (0x4)
                0x080072b0                PROVIDE (__preinit_array_start, .)
 *(.preinit_array*)
                0x080072b0                PROVIDE (__preinit_array_end, .)
                0x080072b0                . = ALIGN (0x4)

.init_array     0x080072b0        0x4
                0x080072b0                . = ALIGN (0x4)
                0x080072b0                PROVIDE (__init_array_start, .)
 *(SORT(.init_array.*))
 *(.init_array*)
 .init_array    0x080072b0        0x4 d:/programfiles/systemworkbench/plugins/fr.ac6.mcu.externaltools.arm-none.win32_1.15.0.201708311556/tools/compiler/bin/../lib/gcc/arm-none-eabi/6.3.1/thumb/v7e-m/fpv4-sp/hard/crtbegin.o
                0x080072b4                PROVIDE (__init_array_end, .)
                0x080072b4                . = ALIGN (0x4)

.fini_array     0x080072b4        0x4
                0x080072b4                . = ALIGN (0x4)
                [!provide]                PROVIDE (__fini_array_start, .)
 *(SORT(.fini_array.*))
 *(.fini_array*)
 .fini_array    0x080072b4        0x4 d:/programfiles/systemworkbench/plugins/fr.ac6.mcu.externaltools.arm-none.win32_1.15.0.201708311556/tools/compiler/bin/../lib/gcc/arm-none-eabi/6.3.1/thumb/v7e-m/fpv4-sp/hard/crtbegin.o
                [!provide]                PROVIDE (__fini_array_end, .)
                0x080072b8                . = ALIGN (0x4)
                0x080072b8                _sidata = LOADADDR (.data)

.data           0x20000000      0x408 load address 0x080072b8
                0x20000000                . = ALIGN (0x4)
                0x20000000                _sdata = .
 *(.data)
 .data          0x20000000       0x3c src/DMA.o
                0x20000000                DMA2
                0x20000020                NVIC2
 .data          0x2000003c       0x50 src/DS75176B.o
 .data          0x2000008c       0x5c src/encoder.o
 .data          0x200000e8      0x128 src/main.o
                0x200000e8                functionTable
                0x20000200                enc_trantbl
 .data          0x20000210       0x28 src/uart1.o
 *(.data*)
 .data._impure_ptr
                0x20000238        0x4 d:/programfiles/systemworkbench/plugins/fr.ac6.mcu.externaltools.arm-none.win32_1.15.0.201708311556/tools/compiler/bin/../lib/gcc/arm-none-eabi/6.3.1/../../../../arm-none-eabi/lib/thumb/v7e-m/fpv4-sp/hard\libc_nano.a(lib_a-impure.o)
                0x20000238                _impure_ptr
 .data.impure_data
                0x2000023c       0x60 d:/programfiles/systemworkbench/plugins/fr.ac6.mcu.externaltools.arm-none.win32_1.15.0.201708311556/tools/compiler/bin/../lib/gcc/arm-none-eabi/6.3.1/../../../../arm-none-eabi/lib/thumb/v7e-m/fpv4-sp/hard\libc_nano.a(lib_a-impure.o)
 .data.__global_locale
                0x2000029c      0x16c d:/programfiles/systemworkbench/plugins/fr.ac6.mcu.externaltools.arm-none.win32_1.15.0.201708311556/tools/compiler/bin/../lib/gcc/arm-none-eabi/6.3.1/../../../../arm-none-eabi/lib/thumb/v7e-m/fpv4-sp/hard\libc_nano.a(lib_a-locale.o)
                0x2000029c                __global_locale
                0x20000408                . = ALIGN (0x4)
                0x20000408                _edata = .

.jcr            0x20000408        0x0 load address 0x080076c0
 .jcr           0x20000408        0x0 d:/programfiles/systemworkbench/plugins/fr.ac6.mcu.externaltools.arm-none.win32_1.15.0.201708311556/tools/compiler/bin/../lib/gcc/arm-none-eabi/6.3.1/thumb/v7e-m/fpv4-sp/hard/crtbegin.o

.igot.plt       0x20000408        0x0 load address 0x080076c0
 .igot.plt      0x20000408        0x0 d:/programfiles/systemworkbench/plugins/fr.ac6.mcu.externaltools.arm-none.win32_1.15.0.201708311556/tools/compiler/bin/../lib/gcc/arm-none-eabi/6.3.1/thumb/v7e-m/fpv4-sp/hard/crtbegin.o
                0x20000408                . = ALIGN (0x4)

.bss            0x20000408       0x4c load address 0x080076c0
                0x20000408                _sbss = .
                0x20000408                __bss_start__ = _sbss
 *(.bss)
 .bss           0x20000408       0x1c d:/programfiles/systemworkbench/plugins/fr.ac6.mcu.externaltools.arm-none.win32_1.15.0.201708311556/tools/compiler/bin/../lib/gcc/arm-none-eabi/6.3.1/thumb/v7e-m/fpv4-sp/hard/crtbegin.o
 .bss           0x20000424        0x4 src/DMA.o
 .bss           0x20000428        0x8 src/encoder.o
 .bss           0x20000430       0x10 src/main.o
 .bss           0x20000440        0x4 startup/sysmem.o
 *(.bss*)
 .bss.__malloc_free_list
                0x20000444        0x4 d:/programfiles/systemworkbench/plugins/fr.ac6.mcu.externaltools.arm-none.win32_1.15.0.201708311556/tools/compiler/bin/../lib/gcc/arm-none-eabi/6.3.1/../../../../arm-none-eabi/lib/thumb/v7e-m/fpv4-sp/hard\libc_nano.a(lib_a-nano-mallocr.o)
                0x20000444                __malloc_free_list
 .bss.__malloc_sbrk_start
                0x20000448        0x4 d:/programfiles/systemworkbench/plugins/fr.ac6.mcu.externaltools.arm-none.win32_1.15.0.201708311556/tools/compiler/bin/../lib/gcc/arm-none-eabi/6.3.1/../../../../arm-none-eabi/lib/thumb/v7e-m/fpv4-sp/hard\libc_nano.a(lib_a-nano-mallocr.o)
                0x20000448                __malloc_sbrk_start
 *(COMMON)
 COMMON         0x2000044c        0x4 src/main.o
                0x2000044c                DMX
 COMMON         0x20000450        0x4 d:/programfiles/systemworkbench/plugins/fr.ac6.mcu.externaltools.arm-none.win32_1.15.0.201708311556/tools/compiler/bin/../lib/gcc/arm-none-eabi/6.3.1/../../../../arm-none-eabi/lib/thumb/v7e-m/fpv4-sp/hard\libc_nano.a(lib_a-reent.o)
                0x20000450                errno
                0x20000454                . = ALIGN (0x4)
                0x20000454                _ebss = .
                0x20000454                __bss_end__ = _ebss

._user_heap_stack
                0x20000454      0x404 load address 0x080076c0
                0x20000458                . = ALIGN (0x8)
 *fill*         0x20000454        0x4 
                0x20000458                PROVIDE (end, .)
                [!provide]                PROVIDE (_end, .)
                0x20000458                . = (. + _Min_Heap_Size)
                0x20000858                . = (. + _Min_Stack_Size)
 *fill*         0x20000458      0x400 
                0x20000858                . = ALIGN (0x8)

/DISCARD/
 libc.a(*)
 libm.a(*)
 libgcc.a(*)

.ARM.attributes
                0x00000000       0x30
 *(.ARM.attributes)
 .ARM.attributes
                0x00000000       0x22 d:/programfiles/systemworkbench/plugins/fr.ac6.mcu.externaltools.arm-none.win32_1.15.0.201708311556/tools/compiler/bin/../lib/gcc/arm-none-eabi/6.3.1/thumb/v7e-m/fpv4-sp/hard/crti.o
 .ARM.attributes
                0x00000022       0x34 d:/programfiles/systemworkbench/plugins/fr.ac6.mcu.externaltools.arm-none.win32_1.15.0.201708311556/tools/compiler/bin/../lib/gcc/arm-none-eabi/6.3.1/thumb/v7e-m/fpv4-sp/hard/crtbegin.o
 .ARM.attributes
                0x00000056       0x39 src/DMA.o
 .ARM.attributes
                0x0000008f       0x39 src/DS75176B.o
 .ARM.attributes
                0x000000c8       0x39 src/Gpio.o
 .ARM.attributes
                0x00000101       0x39 src/delay.o
 .ARM.attributes
                0x0000013a       0x39 src/encoder.o
 .ARM.attributes
                0x00000173       0x39 src/error.o
 .ARM.attributes
                0x000001ac       0x39 src/keypad.o
 .ARM.attributes
                0x000001e5       0x39 src/lcd.o
 .ARM.attributes
                0x0000021e       0x39 src/main.o
 .ARM.attributes
                0x00000257       0x39 src/syscalls.o
 .ARM.attributes
                0x00000290       0x39 src/uart1.o
 .ARM.attributes
                0x000002c9       0x39 src/uart_driver.o
 .ARM.attributes
                0x00000302       0x25 startup/startup_stm32.o
 .ARM.attributes
                0x00000327       0x39 startup/sysmem.o
 .ARM.attributes
                0x00000360       0x22 d:/programfiles/systemworkbench/plugins/fr.ac6.mcu.externaltools.arm-none.win32_1.15.0.201708311556/tools/compiler/bin/../lib/gcc/arm-none-eabi/6.3.1/thumb/v7e-m/fpv4-sp/hard\libgcc.a(_arm_addsubdf3.o)
 .ARM.attributes
                0x00000382       0x22 d:/programfiles/systemworkbench/plugins/fr.ac6.mcu.externaltools.arm-none.win32_1.15.0.201708311556/tools/compiler/bin/../lib/gcc/arm-none-eabi/6.3.1/thumb/v7e-m/fpv4-sp/hard\libgcc.a(_arm_muldivdf3.o)
 .ARM.attributes
                0x000003a4       0x22 d:/programfiles/systemworkbench/plugins/fr.ac6.mcu.externaltools.arm-none.win32_1.15.0.201708311556/tools/compiler/bin/../lib/gcc/arm-none-eabi/6.3.1/thumb/v7e-m/fpv4-sp/hard\libgcc.a(_arm_fixunsdfsi.o)
 .ARM.attributes
                0x000003c6       0x34 d:/programfiles/systemworkbench/plugins/fr.ac6.mcu.externaltools.arm-none.win32_1.15.0.201708311556/tools/compiler/bin/../lib/gcc/arm-none-eabi/6.3.1/../../../../arm-none-eabi/lib/thumb/v7e-m/fpv4-sp/hard\libc_nano.a(lib_a-calloc.o)
 .ARM.attributes
                0x000003fa       0x34 d:/programfiles/systemworkbench/plugins/fr.ac6.mcu.externaltools.arm-none.win32_1.15.0.201708311556/tools/compiler/bin/../lib/gcc/arm-none-eabi/6.3.1/../../../../arm-none-eabi/lib/thumb/v7e-m/fpv4-sp/hard\libc_nano.a(lib_a-errno.o)
 .ARM.attributes
                0x0000042e       0x34 d:/programfiles/systemworkbench/plugins/fr.ac6.mcu.externaltools.arm-none.win32_1.15.0.201708311556/tools/compiler/bin/../lib/gcc/arm-none-eabi/6.3.1/../../../../arm-none-eabi/lib/thumb/v7e-m/fpv4-sp/hard\libc_nano.a(lib_a-impure.o)
 .ARM.attributes
                0x00000462       0x34 d:/programfiles/systemworkbench/plugins/fr.ac6.mcu.externaltools.arm-none.win32_1.15.0.201708311556/tools/compiler/bin/../lib/gcc/arm-none-eabi/6.3.1/../../../../arm-none-eabi/lib/thumb/v7e-m/fpv4-sp/hard\libc_nano.a(lib_a-init.o)
 .ARM.attributes
                0x00000496       0x34 d:/programfiles/systemworkbench/plugins/fr.ac6.mcu.externaltools.arm-none.win32_1.15.0.201708311556/tools/compiler/bin/../lib/gcc/arm-none-eabi/6.3.1/../../../../arm-none-eabi/lib/thumb/v7e-m/fpv4-sp/hard\libc_nano.a(lib_a-malloc.o)
 .ARM.attributes
                0x000004ca       0x34 d:/programfiles/systemworkbench/plugins/fr.ac6.mcu.externaltools.arm-none.win32_1.15.0.201708311556/tools/compiler/bin/../lib/gcc/arm-none-eabi/6.3.1/../../../../arm-none-eabi/lib/thumb/v7e-m/fpv4-sp/hard\libc_nano.a(lib_a-memset.o)
 .ARM.attributes
                0x000004fe       0x34 d:/programfiles/systemworkbench/plugins/fr.ac6.mcu.externaltools.arm-none.win32_1.15.0.201708311556/tools/compiler/bin/../lib/gcc/arm-none-eabi/6.3.1/../../../../arm-none-eabi/lib/thumb/v7e-m/fpv4-sp/hard\libc_nano.a(lib_a-nano-callocr.o)
 .ARM.attributes
                0x00000532       0x34 d:/programfiles/systemworkbench/plugins/fr.ac6.mcu.externaltools.arm-none.win32_1.15.0.201708311556/tools/compiler/bin/../lib/gcc/arm-none-eabi/6.3.1/../../../../arm-none-eabi/lib/thumb/v7e-m/fpv4-sp/hard\libc_nano.a(lib_a-nano-freer.o)
 .ARM.attributes
                0x00000566       0x34 d:/programfiles/systemworkbench/plugins/fr.ac6.mcu.externaltools.arm-none.win32_1.15.0.201708311556/tools/compiler/bin/../lib/gcc/arm-none-eabi/6.3.1/../../../../arm-none-eabi/lib/thumb/v7e-m/fpv4-sp/hard\libc_nano.a(lib_a-nano-mallocr.o)
 .ARM.attributes
                0x0000059a       0x34 d:/programfiles/systemworkbench/plugins/fr.ac6.mcu.externaltools.arm-none.win32_1.15.0.201708311556/tools/compiler/bin/../lib/gcc/arm-none-eabi/6.3.1/../../../../arm-none-eabi/lib/thumb/v7e-m/fpv4-sp/hard\libc_nano.a(lib_a-nano-vfprintf_float.o)
 .ARM.attributes
                0x000005ce       0x34 d:/programfiles/systemworkbench/plugins/fr.ac6.mcu.externaltools.arm-none.win32_1.15.0.201708311556/tools/compiler/bin/../lib/gcc/arm-none-eabi/6.3.1/../../../../arm-none-eabi/lib/thumb/v7e-m/fpv4-sp/hard\libc_nano.a(lib_a-nano-vfprintf_i.o)
 .ARM.attributes
                0x00000602       0x34 d:/programfiles/systemworkbench/plugins/fr.ac6.mcu.externaltools.arm-none.win32_1.15.0.201708311556/tools/compiler/bin/../lib/gcc/arm-none-eabi/6.3.1/../../../../arm-none-eabi/lib/thumb/v7e-m/fpv4-sp/hard\libc_nano.a(lib_a-nano-vfscanf_float.o)
 .ARM.attributes
                0x00000636       0x34 d:/programfiles/systemworkbench/plugins/fr.ac6.mcu.externaltools.arm-none.win32_1.15.0.201708311556/tools/compiler/bin/../lib/gcc/arm-none-eabi/6.3.1/../../../../arm-none-eabi/lib/thumb/v7e-m/fpv4-sp/hard\libc_nano.a(lib_a-printf.o)
 .ARM.attributes
                0x0000066a       0x34 d:/programfiles/systemworkbench/plugins/fr.ac6.mcu.externaltools.arm-none.win32_1.15.0.201708311556/tools/compiler/bin/../lib/gcc/arm-none-eabi/6.3.1/../../../../arm-none-eabi/lib/thumb/v7e-m/fpv4-sp/hard\libc_nano.a(lib_a-sbrkr.o)
 .ARM.attributes
                0x0000069e       0x34 d:/programfiles/systemworkbench/plugins/fr.ac6.mcu.externaltools.arm-none.win32_1.15.0.201708311556/tools/compiler/bin/../lib/gcc/arm-none-eabi/6.3.1/../../../../arm-none-eabi/lib/thumb/v7e-m/fpv4-sp/hard\libc_nano.a(lib_a-setvbuf.o)
 .ARM.attributes
                0x000006d2       0x34 d:/programfiles/systemworkbench/plugins/fr.ac6.mcu.externaltools.arm-none.win32_1.15.0.201708311556/tools/compiler/bin/../lib/gcc/arm-none-eabi/6.3.1/../../../../arm-none-eabi/lib/thumb/v7e-m/fpv4-sp/hard\libc_nano.a(lib_a-sf_nan.o)
 .ARM.attributes
                0x00000706       0x34 d:/programfiles/systemworkbench/plugins/fr.ac6.mcu.externaltools.arm-none.win32_1.15.0.201708311556/tools/compiler/bin/../lib/gcc/arm-none-eabi/6.3.1/../../../../arm-none-eabi/lib/thumb/v7e-m/fpv4-sp/hard\libc_nano.a(lib_a-sprintf.o)
 .ARM.attributes
                0x0000073a       0x1b d:/programfiles/systemworkbench/plugins/fr.ac6.mcu.externaltools.arm-none.win32_1.15.0.201708311556/tools/compiler/bin/../lib/gcc/arm-none-eabi/6.3.1/../../../../arm-none-eabi/lib/thumb/v7e-m/fpv4-sp/hard\libc_nano.a(lib_a-strlen.o)
 .ARM.attributes
                0x00000755       0x34 d:/programfiles/systemworkbench/plugins/fr.ac6.mcu.externaltools.arm-none.win32_1.15.0.201708311556/tools/compiler/bin/../lib/gcc/arm-none-eabi/6.3.1/../../../../arm-none-eabi/lib/thumb/v7e-m/fpv4-sp/hard\libc_nano.a(lib_a-strtod.o)
 .ARM.attributes
                0x00000789       0x34 d:/programfiles/systemworkbench/plugins/fr.ac6.mcu.externaltools.arm-none.win32_1.15.0.201708311556/tools/compiler/bin/../lib/gcc/arm-none-eabi/6.3.1/../../../../arm-none-eabi/lib/thumb/v7e-m/fpv4-sp/hard\libc_nano.a(lib_a-strtol.o)
 .ARM.attributes
                0x000007bd       0x34 d:/programfiles/systemworkbench/plugins/fr.ac6.mcu.externaltools.arm-none.win32_1.15.0.201708311556/tools/compiler/bin/../lib/gcc/arm-none-eabi/6.3.1/../../../../arm-none-eabi/lib/thumb/v7e-m/fpv4-sp/hard\libc_nano.a(lib_a-dtoa.o)
 .ARM.attributes
                0x000007f1       0x34 d:/programfiles/systemworkbench/plugins/fr.ac6.mcu.externaltools.arm-none.win32_1.15.0.201708311556/tools/compiler/bin/../lib/gcc/arm-none-eabi/6.3.1/../../../../arm-none-eabi/lib/thumb/v7e-m/fpv4-sp/hard\libc_nano.a(lib_a-fflush.o)
 .ARM.attributes
                0x00000825       0x34 d:/programfiles/systemworkbench/plugins/fr.ac6.mcu.externaltools.arm-none.win32_1.15.0.201708311556/tools/compiler/bin/../lib/gcc/arm-none-eabi/6.3.1/../../../../arm-none-eabi/lib/thumb/v7e-m/fpv4-sp/hard\libc_nano.a(lib_a-findfp.o)
 .ARM.attributes
                0x00000859       0x34 d:/programfiles/systemworkbench/plugins/fr.ac6.mcu.externaltools.arm-none.win32_1.15.0.201708311556/tools/compiler/bin/../lib/gcc/arm-none-eabi/6.3.1/../../../../arm-none-eabi/lib/thumb/v7e-m/fpv4-sp/hard\libc_nano.a(lib_a-fwalk.o)
 .ARM.attributes
                0x0000088d       0x34 d:/programfiles/systemworkbench/plugins/fr.ac6.mcu.externaltools.arm-none.win32_1.15.0.201708311556/tools/compiler/bin/../lib/gcc/arm-none-eabi/6.3.1/../../../../arm-none-eabi/lib/thumb/v7e-m/fpv4-sp/hard\libc_nano.a(lib_a-gdtoa-gethex.o)
 .ARM.attributes
                0x000008c1       0x34 d:/programfiles/systemworkbench/plugins/fr.ac6.mcu.externaltools.arm-none.win32_1.15.0.201708311556/tools/compiler/bin/../lib/gcc/arm-none-eabi/6.3.1/../../../../arm-none-eabi/lib/thumb/v7e-m/fpv4-sp/hard\libc_nano.a(lib_a-gdtoa-hexnan.o)
 .ARM.attributes
                0x000008f5       0x34 d:/programfiles/systemworkbench/plugins/fr.ac6.mcu.externaltools.arm-none.win32_1.15.0.201708311556/tools/compiler/bin/../lib/gcc/arm-none-eabi/6.3.1/../../../../arm-none-eabi/lib/thumb/v7e-m/fpv4-sp/hard\libc_nano.a(lib_a-locale.o)
 .ARM.attributes
                0x00000929       0x34 d:/programfiles/systemworkbench/plugins/fr.ac6.mcu.externaltools.arm-none.win32_1.15.0.201708311556/tools/compiler/bin/../lib/gcc/arm-none-eabi/6.3.1/../../../../arm-none-eabi/lib/thumb/v7e-m/fpv4-sp/hard\libc_nano.a(lib_a-localeconv.o)
 .ARM.attributes
                0x0000095d       0x34 d:/programfiles/systemworkbench/plugins/fr.ac6.mcu.externaltools.arm-none.win32_1.15.0.201708311556/tools/compiler/bin/../lib/gcc/arm-none-eabi/6.3.1/../../../../arm-none-eabi/lib/thumb/v7e-m/fpv4-sp/hard\libc_nano.a(lib_a-makebuf.o)
 .ARM.attributes
                0x00000991       0x34 d:/programfiles/systemworkbench/plugins/fr.ac6.mcu.externaltools.arm-none.win32_1.15.0.201708311556/tools/compiler/bin/../lib/gcc/arm-none-eabi/6.3.1/../../../../arm-none-eabi/lib/thumb/v7e-m/fpv4-sp/hard\libc_nano.a(lib_a-mbtowc_r.o)
 .ARM.attributes
                0x000009c5       0x20 d:/programfiles/systemworkbench/plugins/fr.ac6.mcu.externaltools.arm-none.win32_1.15.0.201708311556/tools/compiler/bin/../lib/gcc/arm-none-eabi/6.3.1/../../../../arm-none-eabi/lib/thumb/v7e-m/fpv4-sp/hard\libc_nano.a(lib_a-memchr.o)
 .ARM.attributes
                0x000009e5       0x34 d:/programfiles/systemworkbench/plugins/fr.ac6.mcu.externaltools.arm-none.win32_1.15.0.201708311556/tools/compiler/bin/../lib/gcc/arm-none-eabi/6.3.1/../../../../arm-none-eabi/lib/thumb/v7e-m/fpv4-sp/hard\libc_nano.a(lib_a-memcpy-stub.o)
 .ARM.attributes
                0x00000a19       0x34 d:/programfiles/systemworkbench/plugins/fr.ac6.mcu.externaltools.arm-none.win32_1.15.0.201708311556/tools/compiler/bin/../lib/gcc/arm-none-eabi/6.3.1/../../../../arm-none-eabi/lib/thumb/v7e-m/fpv4-sp/hard\libc_nano.a(lib_a-mlock.o)
 .ARM.attributes
                0x00000a4d       0x34 d:/programfiles/systemworkbench/plugins/fr.ac6.mcu.externaltools.arm-none.win32_1.15.0.201708311556/tools/compiler/bin/../lib/gcc/arm-none-eabi/6.3.1/../../../../arm-none-eabi/lib/thumb/v7e-m/fpv4-sp/hard\libc_nano.a(lib_a-mprec.o)
 .ARM.attributes
                0x00000a81       0x34 d:/programfiles/systemworkbench/plugins/fr.ac6.mcu.externaltools.arm-none.win32_1.15.0.201708311556/tools/compiler/bin/../lib/gcc/arm-none-eabi/6.3.1/../../../../arm-none-eabi/lib/thumb/v7e-m/fpv4-sp/hard\libc_nano.a(lib_a-nano-svfprintf.o)
 .ARM.attributes
                0x00000ab5       0x34 d:/programfiles/systemworkbench/plugins/fr.ac6.mcu.externaltools.arm-none.win32_1.15.0.201708311556/tools/compiler/bin/../lib/gcc/arm-none-eabi/6.3.1/../../../../arm-none-eabi/lib/thumb/v7e-m/fpv4-sp/hard\libc_nano.a(lib_a-nano-vfprintf.o)
 .ARM.attributes
                0x00000ae9       0x34 d:/programfiles/systemworkbench/plugins/fr.ac6.mcu.externaltools.arm-none.win32_1.15.0.201708311556/tools/compiler/bin/../lib/gcc/arm-none-eabi/6.3.1/../../../../arm-none-eabi/lib/thumb/v7e-m/fpv4-sp/hard\libc_nano.a(lib_a-reent.o)
 .ARM.attributes
                0x00000b1d       0x34 d:/programfiles/systemworkbench/plugins/fr.ac6.mcu.externaltools.arm-none.win32_1.15.0.201708311556/tools/compiler/bin/../lib/gcc/arm-none-eabi/6.3.1/../../../../arm-none-eabi/lib/thumb/v7e-m/fpv4-sp/hard\libc_nano.a(lib_a-stdio.o)
 .ARM.attributes
                0x00000b51       0x34 d:/programfiles/systemworkbench/plugins/fr.ac6.mcu.externaltools.arm-none.win32_1.15.0.201708311556/tools/compiler/bin/../lib/gcc/arm-none-eabi/6.3.1/../../../../arm-none-eabi/lib/thumb/v7e-m/fpv4-sp/hard\libc_nano.a(lib_a-strncmp.o)
 .ARM.attributes
                0x00000b85       0x34 d:/programfiles/systemworkbench/plugins/fr.ac6.mcu.externaltools.arm-none.win32_1.15.0.201708311556/tools/compiler/bin/../lib/gcc/arm-none-eabi/6.3.1/../../../../arm-none-eabi/lib/thumb/v7e-m/fpv4-sp/hard\libc_nano.a(lib_a-wbuf.o)
 .ARM.attributes
                0x00000bb9       0x34 d:/programfiles/systemworkbench/plugins/fr.ac6.mcu.externaltools.arm-none.win32_1.15.0.201708311556/tools/compiler/bin/../lib/gcc/arm-none-eabi/6.3.1/../../../../arm-none-eabi/lib/thumb/v7e-m/fpv4-sp/hard\libc_nano.a(lib_a-wctomb_r.o)
 .ARM.attributes
                0x00000bed       0x34 d:/programfiles/systemworkbench/plugins/fr.ac6.mcu.externaltools.arm-none.win32_1.15.0.201708311556/tools/compiler/bin/../lib/gcc/arm-none-eabi/6.3.1/../../../../arm-none-eabi/lib/thumb/v7e-m/fpv4-sp/hard\libc_nano.a(lib_a-writer.o)
 .ARM.attributes
                0x00000c21       0x34 d:/programfiles/systemworkbench/plugins/fr.ac6.mcu.externaltools.arm-none.win32_1.15.0.201708311556/tools/compiler/bin/../lib/gcc/arm-none-eabi/6.3.1/../../../../arm-none-eabi/lib/thumb/v7e-m/fpv4-sp/hard\libc_nano.a(lib_a-wsetup.o)
 .ARM.attributes
                0x00000c55       0x34 d:/programfiles/systemworkbench/plugins/fr.ac6.mcu.externaltools.arm-none.win32_1.15.0.201708311556/tools/compiler/bin/../lib/gcc/arm-none-eabi/6.3.1/../../../../arm-none-eabi/lib/thumb/v7e-m/fpv4-sp/hard\libc_nano.a(lib_a-closer.o)
 .ARM.attributes
                0x00000c89       0x34 d:/programfiles/systemworkbench/plugins/fr.ac6.mcu.externaltools.arm-none.win32_1.15.0.201708311556/tools/compiler/bin/../lib/gcc/arm-none-eabi/6.3.1/../../../../arm-none-eabi/lib/thumb/v7e-m/fpv4-sp/hard\libc_nano.a(lib_a-ctype_.o)
 .ARM.attributes
                0x00000cbd       0x34 d:/programfiles/systemworkbench/plugins/fr.ac6.mcu.externaltools.arm-none.win32_1.15.0.201708311556/tools/compiler/bin/../lib/gcc/arm-none-eabi/6.3.1/../../../../arm-none-eabi/lib/thumb/v7e-m/fpv4-sp/hard\libc_nano.a(lib_a-fstatr.o)
 .ARM.attributes
                0x00000cf1       0x34 d:/programfiles/systemworkbench/plugins/fr.ac6.mcu.externaltools.arm-none.win32_1.15.0.201708311556/tools/compiler/bin/../lib/gcc/arm-none-eabi/6.3.1/../../../../arm-none-eabi/lib/thumb/v7e-m/fpv4-sp/hard\libc_nano.a(lib_a-isattyr.o)
 .ARM.attributes
                0x00000d25       0x34 d:/programfiles/systemworkbench/plugins/fr.ac6.mcu.externaltools.arm-none.win32_1.15.0.201708311556/tools/compiler/bin/../lib/gcc/arm-none-eabi/6.3.1/../../../../arm-none-eabi/lib/thumb/v7e-m/fpv4-sp/hard\libc_nano.a(lib_a-lseekr.o)
 .ARM.attributes
                0x00000d59       0x34 d:/programfiles/systemworkbench/plugins/fr.ac6.mcu.externaltools.arm-none.win32_1.15.0.201708311556/tools/compiler/bin/../lib/gcc/arm-none-eabi/6.3.1/../../../../arm-none-eabi/lib/thumb/v7e-m/fpv4-sp/hard\libc_nano.a(lib_a-memmove.o)
 .ARM.attributes
                0x00000d8d       0x34 d:/programfiles/systemworkbench/plugins/fr.ac6.mcu.externaltools.arm-none.win32_1.15.0.201708311556/tools/compiler/bin/../lib/gcc/arm-none-eabi/6.3.1/../../../../arm-none-eabi/lib/thumb/v7e-m/fpv4-sp/hard\libc_nano.a(lib_a-nano-reallocr.o)
 .ARM.attributes
                0x00000dc1       0x34 d:/programfiles/systemworkbench/plugins/fr.ac6.mcu.externaltools.arm-none.win32_1.15.0.201708311556/tools/compiler/bin/../lib/gcc/arm-none-eabi/6.3.1/../../../../arm-none-eabi/lib/thumb/v7e-m/fpv4-sp/hard\libc_nano.a(lib_a-readr.o)
 .ARM.attributes
                0x00000df5       0x34 d:/programfiles/systemworkbench/plugins/fr.ac6.mcu.externaltools.arm-none.win32_1.15.0.201708311556/tools/compiler/bin/../lib/gcc/arm-none-eabi/6.3.1/../../../../arm-none-eabi/lib/thumb/v7e-m/fpv4-sp/hard\libc_nano.a(lib_a-nano-msizer.o)
 .ARM.attributes
                0x00000e29       0x22 d:/programfiles/systemworkbench/plugins/fr.ac6.mcu.externaltools.arm-none.win32_1.15.0.201708311556/tools/compiler/bin/../lib/gcc/arm-none-eabi/6.3.1/thumb/v7e-m/fpv4-sp/hard\libgcc.a(_arm_cmpdf2.o)
 .ARM.attributes
                0x00000e4b       0x22 d:/programfiles/systemworkbench/plugins/fr.ac6.mcu.externaltools.arm-none.win32_1.15.0.201708311556/tools/compiler/bin/../lib/gcc/arm-none-eabi/6.3.1/thumb/v7e-m/fpv4-sp/hard\libgcc.a(_arm_unorddf2.o)
 .ARM.attributes
                0x00000e6d       0x22 d:/programfiles/systemworkbench/plugins/fr.ac6.mcu.externaltools.arm-none.win32_1.15.0.201708311556/tools/compiler/bin/../lib/gcc/arm-none-eabi/6.3.1/thumb/v7e-m/fpv4-sp/hard\libgcc.a(_arm_fixdfsi.o)
 .ARM.attributes
                0x00000e8f       0x22 d:/programfiles/systemworkbench/plugins/fr.ac6.mcu.externaltools.arm-none.win32_1.15.0.201708311556/tools/compiler/bin/../lib/gcc/arm-none-eabi/6.3.1/thumb/v7e-m/fpv4-sp/hard\libgcc.a(_arm_truncdfsf2.o)
 .ARM.attributes
                0x00000eb1       0x22 d:/programfiles/systemworkbench/plugins/fr.ac6.mcu.externaltools.arm-none.win32_1.15.0.201708311556/tools/compiler/bin/../lib/gcc/arm-none-eabi/6.3.1/thumb/v7e-m/fpv4-sp/hard/crtn.o
OUTPUT(Lab8[Salsieder].elf elf32-littlearm)

.debug_info     0x00000000     0x558c
 .debug_info    0x00000000      0xa7a src/DMA.o
 .debug_info    0x00000a7a      0xb46 src/DS75176B.o
 .debug_info    0x000015c0      0x4d5 src/Gpio.o
 .debug_info    0x00001a95       0xbb src/delay.o
 .debug_info    0x00001b50      0x326 src/encoder.o
 .debug_info    0x00001e76      0x14f src/error.o
 .debug_info    0x00001fc5      0x169 src/keypad.o
 .debug_info    0x0000212e      0x2e6 src/lcd.o
 .debug_info    0x00002414      0xdda src/main.o
 .debug_info    0x000031ee      0xed7 src/syscalls.o
 .debug_info    0x000040c5      0x1e1 src/uart1.o
 .debug_info    0x000042a6      0x92c src/uart_driver.o
 .debug_info    0x00004bd2       0x87 startup/startup_stm32.o
 .debug_info    0x00004c59      0x933 startup/sysmem.o

.debug_abbrev   0x00000000     0x144f
 .debug_abbrev  0x00000000      0x22a src/DMA.o
 .debug_abbrev  0x0000022a      0x22e src/DS75176B.o
 .debug_abbrev  0x00000458      0x13c src/Gpio.o
 .debug_abbrev  0x00000594       0x79 src/delay.o
 .debug_abbrev  0x0000060d      0x13e src/encoder.o
 .debug_abbrev  0x0000074b       0xe0 src/error.o
 .debug_abbrev  0x0000082b       0xc9 src/keypad.o
 .debug_abbrev  0x000008f4       0xea src/lcd.o
 .debug_abbrev  0x000009de      0x300 src/main.o
 .debug_abbrev  0x00000cde      0x297 src/syscalls.o
 .debug_abbrev  0x00000f75       0xdd src/uart1.o
 .debug_abbrev  0x00001052      0x1fa src/uart_driver.o
 .debug_abbrev  0x0000124c       0x12 startup/startup_stm32.o
 .debug_abbrev  0x0000125e      0x1f1 startup/sysmem.o

.debug_aranges  0x00000000      0x438
 .debug_aranges
                0x00000000       0x28 src/DMA.o
 .debug_aranges
                0x00000028       0x38 src/DS75176B.o
 .debug_aranges
                0x00000060       0x78 src/Gpio.o
 .debug_aranges
                0x000000d8       0x20 src/delay.o
 .debug_aranges
                0x000000f8       0x50 src/encoder.o
 .debug_aranges
                0x00000148       0x28 src/error.o
 .debug_aranges
                0x00000170       0x40 src/keypad.o
 .debug_aranges
                0x000001b0       0xa8 src/lcd.o
 .debug_aranges
                0x00000258       0x98 src/main.o
 .debug_aranges
                0x000002f0       0xa8 src/syscalls.o
 .debug_aranges
                0x00000398       0x28 src/uart1.o
 .debug_aranges
                0x000003c0       0x30 src/uart_driver.o
 .debug_aranges
                0x000003f0       0x28 startup/startup_stm32.o
 .debug_aranges
                0x00000418       0x20 startup/sysmem.o

.debug_ranges   0x00000000      0x360
 .debug_ranges  0x00000000       0x18 src/DMA.o
 .debug_ranges  0x00000018       0x28 src/DS75176B.o
 .debug_ranges  0x00000040       0x68 src/Gpio.o
 .debug_ranges  0x000000a8       0x10 src/delay.o
 .debug_ranges  0x000000b8       0x40 src/encoder.o
 .debug_ranges  0x000000f8       0x18 src/error.o
 .debug_ranges  0x00000110       0x30 src/keypad.o
 .debug_ranges  0x00000140       0x98 src/lcd.o
 .debug_ranges  0x000001d8       0x88 src/main.o
 .debug_ranges  0x00000260       0x98 src/syscalls.o
 .debug_ranges  0x000002f8       0x18 src/uart1.o
 .debug_ranges  0x00000310       0x20 src/uart_driver.o
 .debug_ranges  0x00000330       0x20 startup/startup_stm32.o
 .debug_ranges  0x00000350       0x10 startup/sysmem.o

.debug_macro    0x00000000     0x2b61
 .debug_macro   0x00000000      0x163 src/DMA.o
 .debug_macro   0x00000163      0x1df src/DMA.o
 .debug_macro   0x00000342       0x82 src/DMA.o
 .debug_macro   0x000003c4      0xaf2 src/DMA.o
 .debug_macro   0x00000eb6       0xa2 src/DMA.o
 .debug_macro   0x00000f58       0x9e src/DMA.o
 .debug_macro   0x00000ff6       0x8d src/DMA.o
 .debug_macro   0x00001083      0x167 src/DS75176B.o
 .debug_macro   0x000011ea      0x10e src/DS75176B.o
 .debug_macro   0x000012f8       0xb0 src/Gpio.o
 .debug_macro   0x000013a8       0xda src/delay.o
 .debug_macro   0x00001482      0x102 src/encoder.o
 .debug_macro   0x00001584       0xa7 src/error.o
 .debug_macro   0x0000162b       0xb6 src/keypad.o
 .debug_macro   0x000016e1       0xc0 src/lcd.o
 .debug_macro   0x000017a1      0x2d8 src/main.o
 .debug_macro   0x00001a79       0x16 src/main.o
 .debug_macro   0x00001a8f      0x27f src/syscalls.o
 .debug_macro   0x00001d0e      0x174 src/syscalls.o
 .debug_macro   0x00001e82       0x10 src/syscalls.o
 .debug_macro   0x00001e92       0x10 src/syscalls.o
 .debug_macro   0x00001ea2       0x10 src/syscalls.o
 .debug_macro   0x00001eb2       0x35 src/syscalls.o
 .debug_macro   0x00001ee7      0x122 src/syscalls.o
 .debug_macro   0x00002009       0x10 src/syscalls.o
 .debug_macro   0x00002019      0x241 src/syscalls.o
 .debug_macro   0x0000225a       0x1c src/syscalls.o
 .debug_macro   0x00002276       0x10 src/syscalls.o
 .debug_macro   0x00002286      0x159 src/syscalls.o
 .debug_macro   0x000023df       0x16 src/syscalls.o
 .debug_macro   0x000023f5       0x88 src/syscalls.o
 .debug_macro   0x0000247d       0x6a src/syscalls.o
 .debug_macro   0x000024e7       0xcc src/uart1.o
 .debug_macro   0x000025b3      0x1d2 src/uart_driver.o
 .debug_macro   0x00002785      0x1a1 startup/sysmem.o
 .debug_macro   0x00002926      0x23b startup/sysmem.o

.debug_line     0x00000000     0x3c5a
 .debug_line    0x00000000      0x443 src/DMA.o
 .debug_line    0x00000443      0x44b src/DS75176B.o
 .debug_line    0x0000088e      0x494 src/Gpio.o
 .debug_line    0x00000d22      0x3a3 src/delay.o
 .debug_line    0x000010c5      0x426 src/encoder.o
 .debug_line    0x000014eb      0x39e src/error.o
 .debug_line    0x00001889      0x441 src/keypad.o
 .debug_line    0x00001cca      0x528 src/lcd.o
 .debug_line    0x000021f2      0x71b src/main.o
 .debug_line    0x0000290d      0x670 src/syscalls.o
 .debug_line    0x00002f7d      0x3ad src/uart1.o
 .debug_line    0x0000332a      0x4ae src/uart_driver.o
 .debug_line    0x000037d8       0x83 startup/startup_stm32.o
 .debug_line    0x0000385b      0x3ff startup/sysmem.o

.debug_str      0x00000000     0xcd65
 .debug_str     0x00000000     0x9db4 src/DMA.o
                               0xa01b (size before relaxing)
 .debug_str     0x00009db4      0x111 src/DS75176B.o
                               0xa055 (size before relaxing)
 .debug_str     0x00009ec5      0x118 src/Gpio.o
                               0x73ae (size before relaxing)
 .debug_str     0x00009fdd       0xd4 src/delay.o
                               0x72d7 (size before relaxing)
 .debug_str     0x0000a0b1      0x297 src/encoder.o
                               0x74fa (size before relaxing)
 .debug_str     0x0000a348       0x40 src/error.o
                               0x47f4 (size before relaxing)
 .debug_str     0x0000a388       0x73 src/keypad.o
                               0x7288 (size before relaxing)
 .debug_str     0x0000a3fb      0x10b src/lcd.o
                               0x733a (size before relaxing)
 .debug_str     0x0000a506     0x1707 src/main.o
                               0xb75f (size before relaxing)
 .debug_str     0x0000bc0d     0x1094 src/syscalls.o
                               0x991e (size before relaxing)
 .debug_str     0x0000cca1       0x48 src/uart1.o
                               0x72cd (size before relaxing)
 .debug_str     0x0000cce9       0x47 src/uart_driver.o
                               0x878b (size before relaxing)
 .debug_str     0x0000cd30       0x35 startup/sysmem.o
                               0x6ff2 (size before relaxing)

.comment        0x00000000       0x7f
 .comment       0x00000000       0x7f src/DMA.o
                                 0x80 (size before relaxing)
 .comment       0x0000007f       0x80 src/DS75176B.o
 .comment       0x0000007f       0x80 src/Gpio.o
 .comment       0x0000007f       0x80 src/delay.o
 .comment       0x0000007f       0x80 src/encoder.o
 .comment       0x0000007f       0x80 src/error.o
 .comment       0x0000007f       0x80 src/keypad.o
 .comment       0x0000007f       0x80 src/lcd.o
 .comment       0x0000007f       0x80 src/main.o
 .comment       0x0000007f       0x80 src/syscalls.o
 .comment       0x0000007f       0x80 src/uart1.o
 .comment       0x0000007f       0x80 src/uart_driver.o